---------------------------------------------
Log /home/profile/logs/logs_2025-10-28_14-48-37/console.log started at 2025-10-28 14:48:37 (2025-10-28 14:48:37 UTC)

14:48:37.689 ENGINE       : FileSystem: Adding relative directory '/home/profile/logs/logs_2025-10-28_14-48-37' to filesystem under name logs
14:48:37.692 ENGINE       : FileSystem: Adding relative directory '/home/profile/profile' to filesystem under name profile
14:48:37.695 ENGINE       : Initializing engine, version 185382
14:48:37.695 ENGINE       : CLI Params: -config /reforger/Configs/docker_generated.json -backendlog -nothrow -maxFPS 60 -profile /home/profile -addonDownloadDir /reforger/workshop -addonsDir /reforger/workshop 
14:48:37.698 ENGINE       : Addon dirs:
14:48:37.699  ENGINE       : dir: '/reforger/workshop'
14:48:37.699  ENGINE       : dir: './addons'
14:48:37.699  ENGINE       : dir: '/home/profile/addons'
14:48:37.699 ENGINE       : Available addons:
14:48:37.699  ENGINE       : gproj: './addons/data/ArmaReforger.gproj' guid: '58D0FB3206B6F859' (packed)
14:48:37.699  ENGINE       : gproj: './addons/core/core.gproj' guid: '5614BBCCBB55ED1C' (packed)
14:48:37.759 ENGINE       : FileSystem: Adding package './addons/data/' (pak count: 4) to filesystem under name ArmaReforger
14:48:37.760 ENGINE       : FileSystem: Adding package './addons/core/' (pak count: 1) to filesystem under name core
14:48:37.760 RESOURCES    : ResourceDB: loading cache (id=0 name=ArmaReforger path=./addons/data/resourceDatabase.rdb)
14:48:37.924 RESOURCES    : ResourceDB: loading cache (id=1 name=core path=./addons/core/resourceDatabase.rdb)
14:48:37.926 RESOURCES    : ResourceDB: loading cache (id=2 name=profile path=/home/profile/profile/resourceDatabase.rdb)
14:48:37.927 RESOURCES    : ResourceDB: loading cache (id=3 name=logs path=/home/profile/logs/logs_2025-10-28_14-48-37/resourceDatabase.rdb)
14:48:38.020 ENGINE       : GameProject load
14:48:38.020  ENGINE       : Loaded addons:
14:48:38.021   ENGINE       : gproj: './addons/core/core.gproj' guid: '5614BBCCBB55ED1C'
14:48:38.021   ENGINE       : gproj: './addons/data/ArmaReforger.gproj' guid: '58D0FB3206B6F859'
14:48:38.022 ENGINE       : Loading custom engine user config '$profile:.save/settings/ReforgerEngineSettings.conf'
14:48:38.024 INIT         : GameProject engine user settings load @"$profile:.save/settings/ReforgerEngineSettings.conf"
14:48:38.024  ENGINE       : Engine user settings config loaded
14:48:38.024 PROFILING    : Settings changed took: 0.002000 ms
14:48:38.025 RENDER       : Basic screen setup:
14:48:38.025 RENDER       :   Back buffer width x height: 0x0
14:48:38.025 RENDER       :   Back buffer format	       : TEXFMT_UNKNOWN (0)
14:48:38.026 RENDER       :   MSAA                      : none
14:48:38.026 RENDER       : GPU_DUMMY (0xFFFF) (Enfusion dummy render) with 1 GPU detected, VRAM 128MB (fast 128MB), shared 128MB, driver version Unknown version
14:48:38.026 RENDER       : Detected output devices:
14:48:38.026 RENDER       :  * 1 device/s connected to Dummy:
14:48:38.026 RENDER       :    Dummy output (Dummy device for our dummy render.), 1920x1080 (offset 0x0), 60Hz
14:48:38.026 RENDER       :   Concurrent frames limit 2
14:48:38.026 ENGINE       : Job system settings: coreCount=20, shortJobContextCount=16, shortJobThreadCount=15, longJobThreadCount=7
14:48:38.091 RENDER    (E): GrassMaterialClass: cannot find perlin noise texture (system/textures/perlin.edds)
14:48:38.095 MATERIAL  (E): SMAAEffect area texture not found (system/textures/PP/smaa_area)
14:48:38.095 MATERIAL  (E): SMAAEffect search texture not found (system/textures/PP/smaa_search)
14:48:38.095 PROFILING    : Settings changed took: 0.019000 ms
14:48:38.097 ENGINE       : Initializing inputs.
14:48:38.103 NETWORK      : Initializing networking.
14:48:38.104 SCRIPT       : SCRIPT       : Initializing scripts
14:48:38.105  SCRIPT       : SCRIPT       : ScriptProjectManager init
14:48:38.105  PROFILING    : ScriptProjectManager init took: 0.019000 ms
14:48:38.120 PROFILING    : Initializing scripts took: 14.605000 ms
14:48:38.120 ENGINE       : Enfusion engine successfully created.
14:48:38.221 GUI          : Using default language (en_us)
14:48:38.222 GUI          : Loading 'en_us' localization file.
14:48:38.222 INIT         : INIT         : Loading StringTable
14:48:38.242 PROFILING    : Loading StringTable took: 20.515000 ms
14:48:38.243 SCRIPT       : SCRIPT       : Compiling GameLib scripts
14:48:38.265  SCRIPT       : Module: GameLib; loaded 354x files; 541x classes; used 504/2097 kB (24%) of static memory; defines: "PLATFORM_LINUX,ENF_ENABLE_VHC_OVERRIDE,ENF_ENABLE_RPLCOMPONENT_IN_GAMECODE"; CRC32: 57d31b2f
14:48:38.268 PROFILING    : Compiling GameLib scripts took: 24.627000 ms
14:48:38.268 SCRIPT       : SCRIPT       : Compiling Game scripts
14:48:38.739 SCRIPT       : Compiling Game scripts
14:48:38.740  SCRIPT    (W): @"scripts/GameCode/Effects/SCR_OptimizedMuzzleEffectComponent.c,14": Possible variable name conflict 'inScope'
14:48:38.772  SCRIPT    (W): @"scripts/Game/Editor/UI/Components/Modes/SCR_PhotoSaveModeEditorUIComponent.c,25": Pointer type 'PixelRawData' can only be used with local variables
14:48:38.921  SCRIPT    (W): @"scripts/Game/Campaign/UI/SCR_CampaignUIMutePlayerComponent.c,28": 'GetPlayerBlockedState' is obsolete: Session blocking is no longer supported.
14:48:38.922  SCRIPT    (W): @"scripts/Game/Campaign/UI/SCR_CampaignUIMutePlayerComponent.c,30": 'SetPlayerBlockedState' is obsolete: Session blocking is no longer supported.
14:48:38.922  SCRIPT    (W): @"scripts/Game/Campaign/UI/SCR_CampaignUIMutePlayerComponent.c,35": 'SetPlayerBlockedState' is obsolete: Session blocking is no longer supported.
14:48:38.936  SCRIPT    (W): @"scripts/Game/Components/Damage/SCR_VehicleDamageManagerComponent.c,826": Variable 'geomIndex' is not used
14:48:38.965  SCRIPT    (W): @"scripts/Game/Components/Voting/SCR_VotingKick.c,134": Variable 'outcome' is not used
14:48:39.035  SCRIPT    (W): @"scripts/Game/Entities/GridSpawnerEntity.c,180": 'Randomize' is obsolete: If seed need to be used use RandomGenerator instead
14:48:39.090  SCRIPT    (W): @"scripts/Game/Groups/SCR_GroupTileButton.c,684": 'GetPlayerMutedState' is obsolete: Use SocialComponent.IsMuted(playerId).
14:48:39.127  SCRIPT    (W): @"scripts/Game/ScenarioFramework/Actions/AIActions/SCR_ScenarioFrameworkAIActionSetCharacterStance.c,23": 'SetStance' is obsolete
14:48:39.128  SCRIPT    (W): @"scripts/Game/ScenarioFramework/Actions/AIActions/SCR_ScenarioFrameworkAIActionSetMovementType.c,23": 'SetMovementType' is obsolete
14:48:39.191  SCRIPT    (W): @"scripts/Game/UI/HUD/SCR_PlayerListMenu.c,436": 'SetPlayerMutedState' is obsolete: Use SocialComponent.SetMuted(playerId, muted).
14:48:39.191  SCRIPT    (W): @"scripts/Game/UI/HUD/SCR_PlayerListMenu.c,438": 'GetPlayerMutedState' is obsolete: Use SocialComponent.IsMuted(playerId).
14:48:39.192  SCRIPT    (W): @"scripts/Game/UI/HUD/SCR_PlayerListMenu.c,498": 'GetPlayerMutedState' is obsolete: Use SocialComponent.IsMuted(playerId).
14:48:39.193  SCRIPT    (W): @"scripts/Game/UI/HUD/SCR_PlayerListMenu.c,1132": 'GetPlayerMutedState' is obsolete: Use SocialComponent.IsMuted(playerId).
14:48:39.193  SCRIPT    (W): @"scripts/Game/UI/HUD/SCR_PlayerListMenu.c,1135": 'GetPlayerMutedState' is obsolete: Use SocialComponent.IsMuted(playerId).
14:48:39.194  SCRIPT    (W): @"scripts/Game/UI/HUD/SCR_PlayerListMenu.c,1139": 'GetPlayerMutedState' is obsolete: Use SocialComponent.IsMuted(playerId).
14:48:39.228  SCRIPT    (W): @"scripts/Game/UI/Menu/ContentBrowser/MainMenu/SCR_ContentBrowser_AddonsFilteredSubMenu.c,7": 'SetPageItems' is obsolete: Use SetPageSize() instead!
14:48:39.228  SCRIPT    (W): @"scripts/Game/UI/Menu/ContentBrowser/MainMenu/SCR_ContentBrowser_AddonsFilteredSubMenu.c,36": 'SetPageItems' is obsolete: Use SetPageSize() instead!
14:48:39.229  SCRIPT    (W): @"scripts/Game/UI/Menu/ContentBrowser/MainMenu/SCR_ContentBrowser_AddonsSubMenu.c,358": 'SetPageItems' is obsolete: Use SetPageSize() instead!
14:48:39.230  SCRIPT    (W): @"scripts/Game/UI/Menu/ContentBrowser/MainMenu/SCR_ContentBrowser_AddonsSubMenu.c,380": 'SetPageItems' is obsolete: Use SetPageSize() instead!
14:48:39.230  SCRIPT    (W): @"scripts/Game/UI/Menu/ContentBrowser/MainMenu/SCR_ContentBrowser_AddonsSubMenu.c,420": 'SetPageItems' is obsolete: Use SetPageSize() instead!
14:48:39.231  SCRIPT    (W): @"scripts/Game/UI/Menu/ContentBrowser/MainMenu/SCR_ContentBrowser_AddonsSubMenu.c,444": 'SetPageItems' is obsolete: Use SetPageSize() instead!
14:48:39.243  SCRIPT    (W): @"scripts/Game/UI/Menu/GroupSettingsDialogUI.c,37": 'GetPrivilegeAsync' is obsolete: Use SocialComponent.RequestSocialPrivilege() or RequestMultiplayerPrivilege()
14:48:39.254  SCRIPT    (W): @"scripts/Game/UI/Menu/ServerBrowserMenuUI.c,2799": 'GetPrivilegeAsync' is obsolete: Use SocialComponent.RequestSocialPrivilege() or RequestMultiplayerPrivilege()
14:48:39.254  SCRIPT    (W): @"scripts/Game/UI/Menu/ServerBrowserMenuUI.c,2832": 'GetPrivilegeAsync' is obsolete: Use SocialComponent.RequestSocialPrivilege() or RequestMultiplayerPrivilege()
14:48:39.255  SCRIPT    (W): @"scripts/Game/UI/Menu/ServerBrowserMenuUI.c,2857": 'GetPrivilegeAsync' is obsolete: Use SocialComponent.RequestSocialPrivilege() or RequestMultiplayerPrivilege()
14:48:39.278  SCRIPT    (W): @"scripts/Game/Vehicle/SCR_ImpactEffectComponent.c,206": Comparing unrelated types 'Class' and 'Physics'
14:48:39.278  SCRIPT    (W): @"scripts/Game/Vehicle/SCR_ImpactEffectComponent.c,337": Comparing unrelated types 'Class' and 'Physics'
14:48:39.282  SCRIPT    (W): @"scripts/Game/Weapon/Sights/SCR_2DPIPSightsComponent.c,432": 'SetGUIWidget' is obsolete: Use SetRenderTarget(IEntity ent) instead
14:48:39.282  SCRIPT    (W): @"scripts/Game/Weapon/Sights/SCR_2DPIPSightsComponent.c,481": 'SetGUIWidget' is obsolete: Use SetRenderTarget(IEntity ent) instead
14:48:39.284  SCRIPT    (W): @"scripts/Game/Weapon/Sights/SCR_PIPSightsComponent.c,115": 'SetGUIWidget' is obsolete: Use SetRenderTarget(IEntity ent) instead
14:48:39.285  SCRIPT    (W): @"scripts/Game/Workshop/SCR_AddonManager.c,256": 'GetPrivilege' is obsolete: Use SocialComponent.IsPrivilegedTo() or IsMultiplayerAllowed()
14:48:39.285  SCRIPT    (W): @"scripts/Game/Workshop/SCR_AddonManager.c,280": 'GetPrivilegeAsync' is obsolete: Use SocialComponent.RequestSocialPrivilege() or RequestMultiplayerPrivilege()
14:48:39.321  SCRIPT       : Module: Game; loaded 4727x files; 9525x classes; used 20798/41943 kB (49%) of static memory; defines: "PLATFORM_LINUX,ENF_ENABLE_VHC_OVERRIDE,ENF_ENABLE_RPLCOMPONENT_IN_GAMECODE,ENABLE_BASE_DESTRUCTION,BUDGET_OPTIMIZATION_CHECKS,DEBUG,RESPAWN_TIMER_COMPONENT_DEBUG,DEBUG_CONFIGURABLE_DIALOGS,DISABLE_WEAPON_SWITCHING,SCRIPTED_AIM_MODIFIER_DEBUG"; CRC32: 613c4e90
14:48:39.908 PROFILING    : Compiling Game scripts took: 1639.937000 ms
14:48:39.909 INIT         : Creating game instance(ArmaReforgerScripted), version 1.4.0.55 built 2025-08-28 15:20:48 UTC.
14:48:39.930 BACKEND      : Loading dedicated server config.
14:48:39.930  BACKEND      : Server config loaded.
14:48:39.931  BACKEND      : JSON Schema Validation:
14:48:39.931   BACKEND      : JSON is Valid
14:48:39.936 ENGINE       : Game successfully created.
14:48:40.005 PLATFORM     : Save data from container 'settings' have been loaded
14:48:40.104 PLATFORM     : Save data from container 'sessions' have been loaded
14:48:40.110 PLATFORM     : GameProject user settings load from profile @"ReforgerGameSettings.conf"
14:48:40.110  ENGINE       : Game user settings config loaded
14:48:40.111 NETWORK      : Starting dedicated server using command line args.
14:48:40.204 BACKEND      : Required addons are ready to use.
14:48:40.503 PLATFORM     : Save data from container 'settings' have been loaded
14:48:40.602 PLATFORM     : Save data from container 'sessions' have been loaded
14:48:40.602 PLATFORM     : GameProject user settings load from profile @"ReforgerGameSettings.conf"
14:48:40.603  ENGINE       : Game user settings config loaded
14:48:40.606 WORLD        : WORLD        : Entities load @"{9DF143A76F5C6460}worlds/MP/CTI_Campaign_Eden.ent"
14:48:41.336 WORLD        : Entities load @"{9DF143A76F5C6460}worlds/MP/CTI_Campaign_Eden.ent"
14:48:41.337  WORLD        : Subscene load @"{853E92315D1D9EFE}worlds/Eden/Eden.ent"
14:48:41.337   RESOURCES    : GetResourceObject @"{C8FAB83670BCF7C3}Prefabs/Structures/Cultural/Calvaries/CalvaryLarge_01.et"
14:48:41.337    WORLD        : Entity prefab load @"{C8FAB83670BCF7C3}Prefabs/Structures/Cultural/Calvaries/CalvaryLarge_01.et"
14:48:41.338     RESOURCES (E): Wrong GUID/name for resource @"{45ECF6B1797D3CD9}system/wbdata/PreviewWindow/TransparentMat.emat" in property "AssignedMaterial"
14:48:41.562 PROFILING    : Entities load took: 955.864000 ms
14:48:41.562 WORLD        : WORLD        : Game::LoadEntities
14:48:41.585  NETWORK      : Enabled lag compensation, 29 frames with 100 FPS and 280 ms rewind limits.
14:48:41.585  WORLD        : WORLD        : Preload
14:48:42.124  PROFILING    : Preload took: 538.424000 ms
14:48:42.124  WORLD        : WORLD        : Wait for preloading data
14:48:42.125 RESOURCES    : Particle effect load @"Particles/Weapon/Explosion_TM62M_AT_Mine_LOD1.ptc"
14:48:42.126  RESOURCES (E): Wrong GUID/name for resource @"{29FBEC1991810EEF}system/wbdata/ParticleEditor/defaultPrefab.et" in property "Prefab"
14:48:42.126 RESOURCES    : Particle effect load @"Particles/Weapon/Explosion_TM62M_AT_Mine.ptc"
14:48:42.126  RESOURCES (E): Wrong GUID/name for resource @"{29FBEC1991810EEF}system/wbdata/ParticleEditor/defaultPrefab.et" in property "Prefab"
14:48:42.127 RESOURCES    : Particle effect load @"Particles/Weapon/Explosion_TM62M_AT_Mine_LOD2.ptc"
14:48:42.127  RESOURCES (E): Wrong GUID/name for resource @"{29FBEC1991810EEF}system/wbdata/ParticleEditor/defaultPrefab.et" in property "Prefab"
14:48:43.827  PROFILING    : Wait for preloading data took: 1702.599000 ms
14:48:43.827  WORLD        : WORLD        : CreateEntities
14:48:43.830   WORLD        : WORLD        : CreateEntities
14:48:43.831    WORLD        : WORLD        : NotifyBeforeEntitiesCreated
14:48:43.831 WORLD        : Game::LoadEntities
14:48:43.831  WORLD        : CreateEntities
14:48:43.832   WORLD        : CreateEntities
14:48:43.832    WORLD        : NotifyBeforeEntitiesCreated
14:48:43.832     DEFAULT   (W): Server config tried to enable VONDisableUI or VONDisableDirectSpeechUI, this is not allowed.
14:48:43.833     RESOURCES    : Loaded mission headers from 2 addon(s)!
14:48:43.833    PROFILING    : NotifyBeforeEntitiesCreated took: 2.437000 ms
14:48:43.868    ENTITY       : Create entity @"ENTITY:1" ('world', GenericWorldEntity) at <0.000000 0.000000 0.000000>
14:48:43.868     RESOURCES (E):   Failed to decompress memory image data. Data is not DXT.
14:48:43.868     WORLD     (E): Shore map CPU data creation failed - decompression of DF near atlas texture failed.
14:48:43.868     WORLD     (E): Loading of shore map failed - creation of CPU data failed
14:48:43.869     WORLD     (E): Loading of shore map failed - post load checks failed
14:48:43.869    ENTITY       : Create entity @"ENTITY:2" ('Eden', GenericTerrainEntity) at <0.000000 0.000000 0.000000>
14:48:43.869     PROFILING    : PROFILING    : Terrain load
14:48:46.002     PROFILING    : Terrain load took: 2132.400000 ms
14:48:49.339    ENTITY       : Create entity @"ENTITY:610688" ('StaticModelEntity','Assets/Structures/Infrastructure/Towers/TransmitterTower_01/TransmitterTower_01_small.xob') at <1931.796021 81.777000 5138.725098> @"{6A004A8F0571D456}Prefabs/Structures/Infrastructure/Towers/TransmitterTower_01/TransmitterTower_01_small.et"
14:48:49.340     DEFAULT   (W): World doesn't contain RadioManagerEntity to support any BaseRadioComponent.
14:48:52.202    ENTITY       : Create entity @"ENTITY:1055324" ('GenericEntity') at <6225.922852 107.562500 5118.536133>
14:48:52.202     ENTITY    (E): Door action not set for @"ENTITY:1055324" ('GenericEntity') at <6225.922852 107.562500 5118.536133>
14:48:52.203    ENTITY       : Create entity @"ENTITY:1055357" ('GenericEntity') at <5252.018066 38.411251 11397.515625>
14:48:52.203     ENTITY    (E): Door action not set for @"ENTITY:1055357" ('GenericEntity') at <5252.018066 38.411251 11397.515625>
14:48:52.204    ENTITY       : Create entity @"ENTITY:1055390" ('GenericEntity') at <3274.975098 114.904022 5189.225098>
14:48:52.204     ENTITY    (E): Door action not set for @"ENTITY:1055390" ('GenericEntity') at <3274.975098 114.904022 5189.225098>
14:48:52.205    ENTITY       : Create entity @"ENTITY:1055423" ('GenericEntity') at <3741.502930 80.400497 6630.824219>
14:48:52.205     ENTITY    (E): Door action not set for @"ENTITY:1055423" ('GenericEntity') at <3741.502930 80.400497 6630.824219>
14:48:52.206    ENTITY       : Create entity @"ENTITY:1055458" ('GenericEntity') at <5642.888184 89.763420 5352.812012>
14:48:52.206     ENTITY    (E): Door action not set for @"ENTITY:1055458" ('GenericEntity') at <5642.888184 89.763420 5352.812012>
14:48:52.206    ENTITY       : Create entity @"ENTITY:1055491" ('GenericEntity') at <1365.465942 41.945751 5944.875000>
14:48:52.207     ENTITY    (E): Door action not set for @"ENTITY:1055491" ('GenericEntity') at <1365.465942 41.945751 5944.875000>
14:48:52.207    ENTITY       : Create entity @"ENTITY:1055524" ('GenericEntity') at <4556.948242 20.443750 9608.875000>
14:48:52.208     ENTITY    (E): Door action not set for @"ENTITY:1055524" ('GenericEntity') at <4556.948242 20.443750 9608.875000>
14:48:52.208    ENTITY       : Create entity @"ENTITY:1055557" ('GenericEntity') at <4612.849121 158.267273 7012.264160>
14:48:52.208     ENTITY    (E): Door action not set for @"ENTITY:1055557" ('GenericEntity') at <4612.849121 158.267273 7012.264160>
14:48:52.209    ENTITY       : Create entity @"ENTITY:1055590" ('GenericEntity') at <5782.269043 28.741789 10179.600586>
14:48:52.209     ENTITY    (E): Door action not set for @"ENTITY:1055590" ('GenericEntity') at <5782.269043 28.741789 10179.600586>
14:48:52.210    ENTITY       : Create entity @"ENTITY:1055623" ('GenericEntity') at <5571.204102 91.851639 5976.666992>
14:48:52.210     ENTITY    (E): Door action not set for @"ENTITY:1055623" ('GenericEntity') at <5571.204102 91.851639 5976.666992>
14:48:52.211    ENTITY       : Create entity @"ENTITY:1055656" ('GenericEntity') at <7223.090820 136.826721 2315.154053>
14:48:52.211     ENTITY    (E): Door action not set for @"ENTITY:1055656" ('GenericEntity') at <7223.090820 136.826721 2315.154053>
14:48:52.211    ENTITY       : Create entity @"ENTITY:1055689" ('GenericEntity') at <7223.857910 137.444275 2372.346924>
14:48:52.212     ENTITY    (E): Door action not set for @"ENTITY:1055689" ('GenericEntity') at <7223.857910 137.444275 2372.346924>
14:48:52.212    ENTITY       : Create entity @"ENTITY:1055722" ('GenericEntity') at <4522.501953 15.952277 10653.205078>
14:48:52.212     ENTITY    (E): Door action not set for @"ENTITY:1055722" ('GenericEntity') at <4522.501953 15.952277 10653.205078>
14:48:52.213    ENTITY       : Create entity @"ENTITY:1055755" ('GenericEntity') at <9417.439453 45.156071 1688.795044>
14:48:52.213     ENTITY    (E): Door action not set for @"ENTITY:1055755" ('GenericEntity') at <9417.439453 45.156071 1688.795044>
14:48:52.354    ENTITY       : Create entity @"ENTITY:1104299" ('StaticModelEntity') at <8831.291016 95.934265 2673.487061>
14:48:52.354     MATERIAL     : Material load @"{45ECF6B1797D3CD9}system/wbdata/PreviewWindow/TransparentMat.emat"
14:48:52.354      MATERIAL  (E): Material file not found
14:48:52.355     MATERIAL  (E): Object @"Assets/Structures/Cultural/Calvaries/CalvaryLarge_01/CalvaryLarge_01.xob" - cannot load material @"system/wbdata/PreviewWindow/TransparentMat.emat", creating default one (class MatPBRBasic)
14:48:55.833    ENTITY       : Create entity @"ENTITY:2305843009213698652" ('GenericEntity','Assets/Props/Military/Antennas/Antenna_R161_01/Antenna_R161_01.xob') at <9354.231445 204.427994 1162.372070>
14:48:55.834     DEFAULT   (W): BaseRadioComponent does not have any transceiver. (Entity: @"ENTITY:2305843009213698652" ('GenericEntity','Assets/Props/Military/Antennas/Antenna_R161_01/Antenna_R161_01.xob') at <9354.231445 204.427994 1162.372070>). Only printing this message once. There're possibly more nodes with this requirement.
14:48:56.449    WORLD        : WORLD        : NotifyBeforeEntitiesInitialized
14:48:56.449    PROFILING    : NotifyBeforeEntitiesInitialized took: 0.030000 ms
14:48:56.450    WORLD        : InitEntities 'world'
14:48:56.450     ENTITY       : Init entity @"ENTITY:3" ('SCR_MapEntity1', SCR_MapEntity) at <6400.000000 0.000000 6400.000000> @"{E1B88C66BF6CA1F9}Prefabs/World/Game/MapEntity_Everon.et"
14:48:56.450      SCRIPT    (W): SCR_MapEntity: Cannot get the size from terrain. Using default.
14:48:56.992     ENTITY       : Init entity @"ENTITY:2305843009213695743" ('SCR_BaseTaskManager') at <20.724001 0.000000 7.936000> @"{17E3EF2CF455460F}Prefabs/MP/Campaign/CampaignTaskManager.et"
14:48:56.992      GUI          : WidgetManager: CrateWidgets @"{ACCF501DD69CAF7B}UI/layouts/Tasks/TaskList.layout"
14:48:56.992       SCRIPT    (E): No data found for keyboard:KC_ESCAPE !! Check 'chimeraMapping.conf' and add data if necessary! Provided Actioname: TasksClose.
14:48:57.137    WORLD        : WORLD        : NotifyEntitiesInitialized
14:48:57.137     TERRAIN      : TERRAIN      : Initializing road networks...
14:48:57.139     PROFILING    : Initializing road networks... took: 2.258000 ms
14:48:57.203     INIT         : INIT         : SoundWorldInit
14:48:57.243     PROFILING    : SoundWorldInit took: 40.450000 ms
14:48:57.244    PROFILING    : NotifyEntitiesInitialized took: 106.778000 ms
14:48:57.244   PROFILING    : CreateEntities took: 13413.428000 ms
14:48:57.244  PROFILING    : CreateEntities took: 13413.696000 ms
14:48:57.244  WORLD        : WORLD        : EOnActivate
14:48:57.315  PROFILING    : EOnActivate took: 70.701000 ms
14:48:57.315 PROFILING    : Game::LoadEntities took: 15753.045000 ms
14:48:57.397 NETWORK      : RPL listen address requested: '0.0.0.0:2001'
14:48:57.468 NETWORK      : Starting RPL server, listening on address 0.0.0.0:2001, fastValidation=true
14:48:58.860 BACKEND      : Server registered with address: 71.115.16.189:2001
14:48:58.860 BACKEND      : Direct Join Code: 0674058191
14:48:58.860 BACKEND      : Ping Site: new_york
14:48:59.059 BACKEND      : [RCON] Init, Ip address=0.0.0.0 and Port=19999
14:48:59.240 DEFAULT      : Entered online game state.
14:48:59.387 WORLD        : Frame start
14:48:59.387  NETWORK      : Projectiles will simulate using: EOnFrame
14:48:59.387  SCRIPT       : ScenarioFramework: Available tasks are empty, no new tasks will be generated.
14:48:59.398 WORLD        : UpdateEntities
14:48:59.399  WORLD        : Frame
14:48:59.399   SCRIPT       : SCR_BaseGameMode::OnGameStateChanged = GAME
14:49:41.285 WORLD        : UpdateEntities
14:49:41.286  WORLD        : Frame
14:49:41.286   AI        (W): Stuck trying to get into vehicle. Reseting.. 
14:49:41.357 WORLD        : UpdateEntities
14:49:41.357  WORLD        : Frame
14:49:41.357   AI        (W): Stuck trying to get into vehicle. Reseting.. 
14:49:41.819 WORLD        : UpdateEntities
14:49:41.820  WORLD        : Frame
14:49:41.820   AI        (W): Stuck trying to get into vehicle. Reseting.. 
14:49:42.362 WORLD        : UpdateEntities
14:49:42.362  WORLD        : Frame
14:49:42.362   AI        (W): Stuck trying to get into vehicle. Reseting.. 
14:49:42.690 WORLD        : UpdateEntities
14:49:42.691  WORLD        : Frame
14:49:42.691   AI        (W): Stuck trying to get into vehicle. Reseting.. 
14:49:42.916 WORLD        : UpdateEntities
14:49:42.916  WORLD        : Frame
14:49:42.916   AI        (W): Stuck trying to get into vehicle. Reseting.. 
14:49:42.952 WORLD        : UpdateEntities
14:49:42.952  WORLD        : Frame
14:49:42.952   AI        (W): Stuck trying to get into vehicle. Reseting.. 
14:49:45.946 WORLD        : UpdateEntities
14:49:45.947  WORLD        : Frame
14:49:45.947   AI        (W): Stuck trying to get into vehicle. Reseting.. 
14:49:47.299 WORLD        : UpdateEntities
14:49:47.299  WORLD        : Frame
14:49:47.299   AI        (W): Stuck trying to get into vehicle. Reseting.. 
14:49:47.301   AI        (W): Stuck trying to get into vehicle. Reseting.. 
