---------------------------------------------
Log /home/profile/logs/logs_2025-10-28_14-52-33/console.log started at 2025-10-28 14:52:33 (2025-10-28 14:52:33 UTC)

14:52:33.041 ENGINE       : FileSystem: Adding relative directory '/home/profile/logs/logs_2025-10-28_14-52-33' to filesystem under name logs
14:52:33.043 ENGINE       : FileSystem: Adding relative directory '/home/profile/profile' to filesystem under name profile
14:52:33.046 ENGINE       : Initializing engine, version 185382
14:52:33.046 ENGINE       : CLI Params: -config /reforger/Configs/docker_generated.json -backendlog -nothrow -maxFPS 60 -profile /home/profile -addonDownloadDir /reforger/workshop -addonsDir /reforger/workshop 
14:52:33.049 ENGINE       : Addon dirs:
14:52:33.049  ENGINE       : dir: '/reforger/workshop'
14:52:33.050  ENGINE       : dir: './addons'
14:52:33.050  ENGINE       : dir: '/home/profile/addons'
14:52:33.050 ENGINE       : Available addons:
14:52:33.050  ENGINE       : gproj: './addons/data/ArmaReforger.gproj' guid: '58D0FB3206B6F859' (packed)
14:52:33.050  ENGINE       : gproj: './addons/core/core.gproj' guid: '5614BBCCBB55ED1C' (packed)
14:52:33.110 ENGINE       : FileSystem: Adding package './addons/data/' (pak count: 4) to filesystem under name ArmaReforger
14:52:33.111 ENGINE       : FileSystem: Adding package './addons/core/' (pak count: 1) to filesystem under name core
14:52:33.111 RESOURCES    : ResourceDB: loading cache (id=0 name=ArmaReforger path=./addons/data/resourceDatabase.rdb)
14:52:33.273 RESOURCES    : ResourceDB: loading cache (id=1 name=core path=./addons/core/resourceDatabase.rdb)
14:52:33.274 RESOURCES    : ResourceDB: loading cache (id=2 name=profile path=/home/profile/profile/resourceDatabase.rdb)
14:52:33.275 RESOURCES    : ResourceDB: loading cache (id=3 name=logs path=/home/profile/logs/logs_2025-10-28_14-52-33/resourceDatabase.rdb)
14:52:33.375 ENGINE       : GameProject load
14:52:33.375  ENGINE       : Loaded addons:
14:52:33.376   ENGINE       : gproj: './addons/core/core.gproj' guid: '5614BBCCBB55ED1C'
14:52:33.376   ENGINE       : gproj: './addons/data/ArmaReforger.gproj' guid: '58D0FB3206B6F859'
14:52:33.377 ENGINE       : Loading custom engine user config '$profile:.save/settings/ReforgerEngineSettings.conf'
14:52:33.379 INIT         : GameProject engine user settings load @"$profile:.save/settings/ReforgerEngineSettings.conf"
14:52:33.379  ENGINE       : Engine user settings config loaded
14:52:33.379 PROFILING    : Settings changed took: 0.001000 ms
14:52:33.380 RENDER       : Basic screen setup:
14:52:33.380 RENDER       :   Back buffer width x height: 0x0
14:52:33.380 RENDER       :   Back buffer format	       : TEXFMT_UNKNOWN (0)
14:52:33.380 RENDER       :   MSAA                      : none
14:52:33.380 RENDER       : GPU_DUMMY (0xFFFF) (Enfusion dummy render) with 1 GPU detected, VRAM 128MB (fast 128MB), shared 128MB, driver version Unknown version
14:52:33.380 RENDER       : Detected output devices:
14:52:33.381 RENDER       :  * 1 device/s connected to Dummy:
14:52:33.381 RENDER       :    Dummy output (Dummy device for our dummy render.), 1920x1080 (offset 0x0), 60Hz
14:52:33.381 RENDER       :   Concurrent frames limit 2
14:52:33.381 ENGINE       : Job system settings: coreCount=20, shortJobContextCount=16, shortJobThreadCount=15, longJobThreadCount=7
14:52:33.444 RENDER    (E): GrassMaterialClass: cannot find perlin noise texture (system/textures/perlin.edds)
14:52:33.447 MATERIAL  (E): SMAAEffect area texture not found (system/textures/PP/smaa_area)
14:52:33.448 MATERIAL  (E): SMAAEffect search texture not found (system/textures/PP/smaa_search)
14:52:33.448 PROFILING    : Settings changed took: 0.017000 ms
14:52:33.450 ENGINE       : Initializing inputs.
14:52:33.456 NETWORK      : Initializing networking.
14:52:33.456 SCRIPT       : SCRIPT       : Initializing scripts
14:52:33.458  SCRIPT       : SCRIPT       : ScriptProjectManager init
14:52:33.458  PROFILING    : ScriptProjectManager init took: 0.017000 ms
14:52:33.473 PROFILING    : Initializing scripts took: 15.072000 ms
14:52:33.473 ENGINE       : Enfusion engine successfully created.
14:52:33.575 GUI          : Using default language (en_us)
14:52:33.575 GUI          : Loading 'en_us' localization file.
14:52:33.575 INIT         : INIT         : Loading StringTable
14:52:33.594 PROFILING    : Loading StringTable took: 18.578000 ms
14:52:33.594 SCRIPT       : SCRIPT       : Compiling GameLib scripts
14:52:33.617  SCRIPT       : Module: GameLib; loaded 354x files; 541x classes; used 504/2097 kB (24%) of static memory; defines: "PLATFORM_LINUX,ENF_ENABLE_VHC_OVERRIDE,ENF_ENABLE_RPLCOMPONENT_IN_GAMECODE"; CRC32: 57d31b2f
14:52:33.620 PROFILING    : Compiling GameLib scripts took: 25.657000 ms
14:52:33.620 SCRIPT       : SCRIPT       : Compiling Game scripts
14:52:34.086 SCRIPT       : Compiling Game scripts
14:52:34.087  SCRIPT    (W): @"scripts/GameCode/Effects/SCR_OptimizedMuzzleEffectComponent.c,14": Possible variable name conflict 'inScope'
14:52:34.119  SCRIPT    (W): @"scripts/Game/Editor/UI/Components/Modes/SCR_PhotoSaveModeEditorUIComponent.c,25": Pointer type 'PixelRawData' can only be used with local variables
14:52:34.270  SCRIPT    (W): @"scripts/Game/Campaign/UI/SCR_CampaignUIMutePlayerComponent.c,28": 'GetPlayerBlockedState' is obsolete: Session blocking is no longer supported.
14:52:34.270  SCRIPT    (W): @"scripts/Game/Campaign/UI/SCR_CampaignUIMutePlayerComponent.c,30": 'SetPlayerBlockedState' is obsolete: Session blocking is no longer supported.
14:52:34.271  SCRIPT    (W): @"scripts/Game/Campaign/UI/SCR_CampaignUIMutePlayerComponent.c,35": 'SetPlayerBlockedState' is obsolete: Session blocking is no longer supported.
14:52:34.286  SCRIPT    (W): @"scripts/Game/Components/Damage/SCR_VehicleDamageManagerComponent.c,826": Variable 'geomIndex' is not used
14:52:34.315  SCRIPT    (W): @"scripts/Game/Components/Voting/SCR_VotingKick.c,134": Variable 'outcome' is not used
14:52:34.387  SCRIPT    (W): @"scripts/Game/Entities/GridSpawnerEntity.c,180": 'Randomize' is obsolete: If seed need to be used use RandomGenerator instead
14:52:34.451  SCRIPT    (W): @"scripts/Game/Groups/SCR_GroupTileButton.c,684": 'GetPlayerMutedState' is obsolete: Use SocialComponent.IsMuted(playerId).
14:52:34.489  SCRIPT    (W): @"scripts/Game/ScenarioFramework/Actions/AIActions/SCR_ScenarioFrameworkAIActionSetCharacterStance.c,23": 'SetStance' is obsolete
14:52:34.489  SCRIPT    (W): @"scripts/Game/ScenarioFramework/Actions/AIActions/SCR_ScenarioFrameworkAIActionSetMovementType.c,23": 'SetMovementType' is obsolete
14:52:34.554  SCRIPT    (W): @"scripts/Game/UI/HUD/SCR_PlayerListMenu.c,436": 'SetPlayerMutedState' is obsolete: Use SocialComponent.SetMuted(playerId, muted).
14:52:34.554  SCRIPT    (W): @"scripts/Game/UI/HUD/SCR_PlayerListMenu.c,438": 'GetPlayerMutedState' is obsolete: Use SocialComponent.IsMuted(playerId).
14:52:34.555  SCRIPT    (W): @"scripts/Game/UI/HUD/SCR_PlayerListMenu.c,498": 'GetPlayerMutedState' is obsolete: Use SocialComponent.IsMuted(playerId).
14:52:34.556  SCRIPT    (W): @"scripts/Game/UI/HUD/SCR_PlayerListMenu.c,1132": 'GetPlayerMutedState' is obsolete: Use SocialComponent.IsMuted(playerId).
14:52:34.556  SCRIPT    (W): @"scripts/Game/UI/HUD/SCR_PlayerListMenu.c,1135": 'GetPlayerMutedState' is obsolete: Use SocialComponent.IsMuted(playerId).
14:52:34.557  SCRIPT    (W): @"scripts/Game/UI/HUD/SCR_PlayerListMenu.c,1139": 'GetPlayerMutedState' is obsolete: Use SocialComponent.IsMuted(playerId).
14:52:34.589  SCRIPT    (W): @"scripts/Game/UI/Menu/ContentBrowser/MainMenu/SCR_ContentBrowser_AddonsFilteredSubMenu.c,7": 'SetPageItems' is obsolete: Use SetPageSize() instead!
14:52:34.590  SCRIPT    (W): @"scripts/Game/UI/Menu/ContentBrowser/MainMenu/SCR_ContentBrowser_AddonsFilteredSubMenu.c,36": 'SetPageItems' is obsolete: Use SetPageSize() instead!
14:52:34.591  SCRIPT    (W): @"scripts/Game/UI/Menu/ContentBrowser/MainMenu/SCR_ContentBrowser_AddonsSubMenu.c,358": 'SetPageItems' is obsolete: Use SetPageSize() instead!
14:52:34.591  SCRIPT    (W): @"scripts/Game/UI/Menu/ContentBrowser/MainMenu/SCR_ContentBrowser_AddonsSubMenu.c,380": 'SetPageItems' is obsolete: Use SetPageSize() instead!
14:52:34.591  SCRIPT    (W): @"scripts/Game/UI/Menu/ContentBrowser/MainMenu/SCR_ContentBrowser_AddonsSubMenu.c,420": 'SetPageItems' is obsolete: Use SetPageSize() instead!
14:52:34.592  SCRIPT    (W): @"scripts/Game/UI/Menu/ContentBrowser/MainMenu/SCR_ContentBrowser_AddonsSubMenu.c,444": 'SetPageItems' is obsolete: Use SetPageSize() instead!
14:52:34.604  SCRIPT    (W): @"scripts/Game/UI/Menu/GroupSettingsDialogUI.c,37": 'GetPrivilegeAsync' is obsolete: Use SocialComponent.RequestSocialPrivilege() or RequestMultiplayerPrivilege()
14:52:34.615  SCRIPT    (W): @"scripts/Game/UI/Menu/ServerBrowserMenuUI.c,2799": 'GetPrivilegeAsync' is obsolete: Use SocialComponent.RequestSocialPrivilege() or RequestMultiplayerPrivilege()
14:52:34.616  SCRIPT    (W): @"scripts/Game/UI/Menu/ServerBrowserMenuUI.c,2832": 'GetPrivilegeAsync' is obsolete: Use SocialComponent.RequestSocialPrivilege() or RequestMultiplayerPrivilege()
14:52:34.617  SCRIPT    (W): @"scripts/Game/UI/Menu/ServerBrowserMenuUI.c,2857": 'GetPrivilegeAsync' is obsolete: Use SocialComponent.RequestSocialPrivilege() or RequestMultiplayerPrivilege()
14:52:34.640  SCRIPT    (W): @"scripts/Game/Vehicle/SCR_ImpactEffectComponent.c,206": Comparing unrelated types 'Class' and 'Physics'
14:52:34.640  SCRIPT    (W): @"scripts/Game/Vehicle/SCR_ImpactEffectComponent.c,337": Comparing unrelated types 'Class' and 'Physics'
14:52:34.644  SCRIPT    (W): @"scripts/Game/Weapon/Sights/SCR_2DPIPSightsComponent.c,432": 'SetGUIWidget' is obsolete: Use SetRenderTarget(IEntity ent) instead
14:52:34.644  SCRIPT    (W): @"scripts/Game/Weapon/Sights/SCR_2DPIPSightsComponent.c,481": 'SetGUIWidget' is obsolete: Use SetRenderTarget(IEntity ent) instead
14:52:34.646  SCRIPT    (W): @"scripts/Game/Weapon/Sights/SCR_PIPSightsComponent.c,115": 'SetGUIWidget' is obsolete: Use SetRenderTarget(IEntity ent) instead
14:52:34.647  SCRIPT    (W): @"scripts/Game/Workshop/SCR_AddonManager.c,256": 'GetPrivilege' is obsolete: Use SocialComponent.IsPrivilegedTo() or IsMultiplayerAllowed()
14:52:34.647  SCRIPT    (W): @"scripts/Game/Workshop/SCR_AddonManager.c,280": 'GetPrivilegeAsync' is obsolete: Use SocialComponent.RequestSocialPrivilege() or RequestMultiplayerPrivilege()
14:52:34.680  SCRIPT       : Module: Game; loaded 4727x files; 9525x classes; used 20798/41943 kB (49%) of static memory; defines: "PLATFORM_LINUX,ENF_ENABLE_VHC_OVERRIDE,ENF_ENABLE_RPLCOMPONENT_IN_GAMECODE,ENABLE_BASE_DESTRUCTION,BUDGET_OPTIMIZATION_CHECKS,DEBUG,RESPAWN_TIMER_COMPONENT_DEBUG,DEBUG_CONFIGURABLE_DIALOGS,DISABLE_WEAPON_SWITCHING,SCRIPTED_AIM_MODIFIER_DEBUG"; CRC32: 613c4e90
14:52:35.266 PROFILING    : Compiling Game scripts took: 1645.977000 ms
14:52:35.268 INIT         : Creating game instance(ArmaReforgerScripted), version 1.4.0.55 built 2025-08-28 15:20:48 UTC.
14:52:35.289 BACKEND      : Loading dedicated server config.
14:52:35.289  BACKEND      : Server config loaded.
14:52:35.289  BACKEND      : JSON Schema Validation:
14:52:35.289   BACKEND      : JSON is Valid
14:52:35.295 ENGINE       : Game successfully created.
14:52:35.358 PLATFORM     : Save data from container 'settings' have been loaded
14:52:35.457 PLATFORM     : Save data from container 'sessions' have been loaded
14:52:35.462 PLATFORM     : GameProject user settings load from profile @"ReforgerGameSettings.conf"
14:52:35.462  ENGINE       : Game user settings config loaded
14:52:35.463 NETWORK      : Starting dedicated server using command line args.
14:52:35.557 BACKEND      : Required addons are ready to use.
14:52:35.855 PLATFORM     : Save data from container 'settings' have been loaded
14:52:35.955 PLATFORM     : Save data from container 'sessions' have been loaded
14:52:35.955 PLATFORM     : GameProject user settings load from profile @"ReforgerGameSettings.conf"
14:52:35.955  ENGINE       : Game user settings config loaded
14:52:35.958 WORLD        : WORLD        : Entities load @"{9DF143A76F5C6460}worlds/MP/CTI_Campaign_Eden.ent"
14:52:36.676 WORLD        : Entities load @"{9DF143A76F5C6460}worlds/MP/CTI_Campaign_Eden.ent"
14:52:36.677  WORLD        : Subscene load @"{853E92315D1D9EFE}worlds/Eden/Eden.ent"
14:52:36.677   RESOURCES    : GetResourceObject @"{C8FAB83670BCF7C3}Prefabs/Structures/Cultural/Calvaries/CalvaryLarge_01.et"
14:52:36.677    WORLD        : Entity prefab load @"{C8FAB83670BCF7C3}Prefabs/Structures/Cultural/Calvaries/CalvaryLarge_01.et"
14:52:36.678     RESOURCES (E): Wrong GUID/name for resource @"{45ECF6B1797D3CD9}system/wbdata/PreviewWindow/TransparentMat.emat" in property "AssignedMaterial"
14:52:36.894 PROFILING    : Entities load took: 935.888000 ms
14:52:36.894 WORLD        : WORLD        : Game::LoadEntities
14:52:36.917  NETWORK      : Enabled lag compensation, 29 frames with 100 FPS and 280 ms rewind limits.
14:52:36.918  WORLD        : WORLD        : Preload
14:52:37.400  PROFILING    : Preload took: 482.135000 ms
14:52:37.400  WORLD        : WORLD        : Wait for preloading data
14:52:37.402 RESOURCES    : Particle effect load @"Particles/Weapon/Explosion_TM62M_AT_Mine_LOD1.ptc"
14:52:37.403  RESOURCES (E): Wrong GUID/name for resource @"{29FBEC1991810EEF}system/wbdata/ParticleEditor/defaultPrefab.et" in property "Prefab"
14:52:37.403 RESOURCES    : Particle effect load @"Particles/Weapon/Explosion_TM62M_AT_Mine.ptc"
14:52:37.403  RESOURCES (E): Wrong GUID/name for resource @"{29FBEC1991810EEF}system/wbdata/ParticleEditor/defaultPrefab.et" in property "Prefab"
14:52:37.404 RESOURCES    : Particle effect load @"Particles/Weapon/Explosion_TM62M_AT_Mine_LOD2.ptc"
14:52:37.404  RESOURCES (E): Wrong GUID/name for resource @"{29FBEC1991810EEF}system/wbdata/ParticleEditor/defaultPrefab.et" in property "Prefab"
14:52:39.053  PROFILING    : Wait for preloading data took: 1652.463000 ms
14:52:39.053  WORLD        : WORLD        : CreateEntities
14:52:39.053   WORLD        : WORLD        : CreateEntities
14:52:39.053    WORLD        : WORLD        : NotifyBeforeEntitiesCreated
14:52:39.054 WORLD        : Game::LoadEntities
14:52:39.054  WORLD        : CreateEntities
14:52:39.054   WORLD        : CreateEntities
14:52:39.055    WORLD        : NotifyBeforeEntitiesCreated
14:52:39.055     DEFAULT   (W): Server config tried to enable VONDisableUI or VONDisableDirectSpeechUI, this is not allowed.
14:52:39.056     RESOURCES    : Loaded mission headers from 2 addon(s)!
14:52:39.056    PROFILING    : NotifyBeforeEntitiesCreated took: 2.696000 ms
14:52:39.089    ENTITY       : Create entity @"ENTITY:1" ('world', GenericWorldEntity) at <0.000000 0.000000 0.000000>
14:52:39.089     RESOURCES (E):   Failed to decompress memory image data. Data is not DXT.
14:52:39.089     WORLD     (E): Shore map CPU data creation failed - decompression of DF near atlas texture failed.
14:52:39.090     WORLD     (E): Loading of shore map failed - creation of CPU data failed
14:52:39.090     WORLD     (E): Loading of shore map failed - post load checks failed
14:52:39.091    ENTITY       : Create entity @"ENTITY:2" ('Eden', GenericTerrainEntity) at <0.000000 0.000000 0.000000>
14:52:39.091     PROFILING    : PROFILING    : Terrain load
14:52:41.220     PROFILING    : Terrain load took: 2129.522000 ms
14:52:44.515    ENTITY       : Create entity @"ENTITY:610688" ('StaticModelEntity','Assets/Structures/Infrastructure/Towers/TransmitterTower_01/TransmitterTower_01_small.xob') at <1931.796021 81.777000 5138.725098> @"{6A004A8F0571D456}Prefabs/Structures/Infrastructure/Towers/TransmitterTower_01/TransmitterTower_01_small.et"
14:52:44.516     DEFAULT   (W): World doesn't contain RadioManagerEntity to support any BaseRadioComponent.
14:52:47.162    ENTITY       : Create entity @"ENTITY:1055324" ('GenericEntity') at <6225.922852 107.562500 5118.536133>
14:52:47.162     ENTITY    (E): Door action not set for @"ENTITY:1055324" ('GenericEntity') at <6225.922852 107.562500 5118.536133>
14:52:47.163    ENTITY       : Create entity @"ENTITY:1055357" ('GenericEntity') at <5252.018066 38.411251 11397.515625>
14:52:47.163     ENTITY    (E): Door action not set for @"ENTITY:1055357" ('GenericEntity') at <5252.018066 38.411251 11397.515625>
14:52:47.164    ENTITY       : Create entity @"ENTITY:1055390" ('GenericEntity') at <3274.975098 114.904022 5189.225098>
14:52:47.165     ENTITY    (E): Door action not set for @"ENTITY:1055390" ('GenericEntity') at <3274.975098 114.904022 5189.225098>
14:52:47.165    ENTITY       : Create entity @"ENTITY:1055423" ('GenericEntity') at <3741.502930 80.400497 6630.824219>
14:52:47.166     ENTITY    (E): Door action not set for @"ENTITY:1055423" ('GenericEntity') at <3741.502930 80.400497 6630.824219>
14:52:47.166    ENTITY       : Create entity @"ENTITY:1055458" ('GenericEntity') at <5642.888184 89.763420 5352.812012>
14:52:47.167     ENTITY    (E): Door action not set for @"ENTITY:1055458" ('GenericEntity') at <5642.888184 89.763420 5352.812012>
14:52:47.167    ENTITY       : Create entity @"ENTITY:1055491" ('GenericEntity') at <1365.465942 41.945751 5944.875000>
14:52:47.168     ENTITY    (E): Door action not set for @"ENTITY:1055491" ('GenericEntity') at <1365.465942 41.945751 5944.875000>
14:52:47.168    ENTITY       : Create entity @"ENTITY:1055524" ('GenericEntity') at <4556.948242 20.443750 9608.875000>
14:52:47.168     ENTITY    (E): Door action not set for @"ENTITY:1055524" ('GenericEntity') at <4556.948242 20.443750 9608.875000>
14:52:47.169    ENTITY       : Create entity @"ENTITY:1055557" ('GenericEntity') at <4612.849121 158.267273 7012.264160>
14:52:47.169     ENTITY    (E): Door action not set for @"ENTITY:1055557" ('GenericEntity') at <4612.849121 158.267273 7012.264160>
14:52:47.170    ENTITY       : Create entity @"ENTITY:1055590" ('GenericEntity') at <5782.269043 28.741789 10179.600586>
14:52:47.170     ENTITY    (E): Door action not set for @"ENTITY:1055590" ('GenericEntity') at <5782.269043 28.741789 10179.600586>
14:52:47.171    ENTITY       : Create entity @"ENTITY:1055623" ('GenericEntity') at <5571.204102 91.851639 5976.666992>
14:52:47.171     ENTITY    (E): Door action not set for @"ENTITY:1055623" ('GenericEntity') at <5571.204102 91.851639 5976.666992>
14:52:47.172    ENTITY       : Create entity @"ENTITY:1055656" ('GenericEntity') at <7223.090820 136.826721 2315.154053>
14:52:47.172     ENTITY    (E): Door action not set for @"ENTITY:1055656" ('GenericEntity') at <7223.090820 136.826721 2315.154053>
14:52:47.173    ENTITY       : Create entity @"ENTITY:1055689" ('GenericEntity') at <7223.857910 137.444275 2372.346924>
14:52:47.173     ENTITY    (E): Door action not set for @"ENTITY:1055689" ('GenericEntity') at <7223.857910 137.444275 2372.346924>
14:52:47.174    ENTITY       : Create entity @"ENTITY:1055722" ('GenericEntity') at <4522.501953 15.952277 10653.205078>
14:52:47.174     ENTITY    (E): Door action not set for @"ENTITY:1055722" ('GenericEntity') at <4522.501953 15.952277 10653.205078>
14:52:47.175    ENTITY       : Create entity @"ENTITY:1055755" ('GenericEntity') at <9417.439453 45.156071 1688.795044>
14:52:47.175     ENTITY    (E): Door action not set for @"ENTITY:1055755" ('GenericEntity') at <9417.439453 45.156071 1688.795044>
14:52:47.312    ENTITY       : Create entity @"ENTITY:1104299" ('StaticModelEntity') at <8831.291016 95.934265 2673.487061>
14:52:47.312     MATERIAL     : Material load @"{45ECF6B1797D3CD9}system/wbdata/PreviewWindow/TransparentMat.emat"
14:52:47.312      MATERIAL  (E): Material file not found
14:52:47.313     MATERIAL  (E): Object @"Assets/Structures/Cultural/Calvaries/CalvaryLarge_01/CalvaryLarge_01.xob" - cannot load material @"system/wbdata/PreviewWindow/TransparentMat.emat", creating default one (class MatPBRBasic)
14:52:50.705    ENTITY       : Create entity @"ENTITY:2305843009213698652" ('GenericEntity','Assets/Props/Military/Antennas/Antenna_R161_01/Antenna_R161_01.xob') at <9354.231445 204.427994 1162.372070>
14:52:50.705     DEFAULT   (W): BaseRadioComponent does not have any transceiver. (Entity: @"ENTITY:2305843009213698652" ('GenericEntity','Assets/Props/Military/Antennas/Antenna_R161_01/Antenna_R161_01.xob') at <9354.231445 204.427994 1162.372070>). Only printing this message once. There're possibly more nodes with this requirement.
14:52:51.450    WORLD        : WORLD        : NotifyBeforeEntitiesInitialized
14:52:51.450    PROFILING    : NotifyBeforeEntitiesInitialized took: 0.029000 ms
14:52:51.450    WORLD        : InitEntities 'world'
14:52:51.451     ENTITY       : Init entity @"ENTITY:3" ('SCR_MapEntity1', SCR_MapEntity) at <6400.000000 0.000000 6400.000000> @"{E1B88C66BF6CA1F9}Prefabs/World/Game/MapEntity_Everon.et"
14:52:51.451      SCRIPT    (W): SCR_MapEntity: Cannot get the size from terrain. Using default.
14:52:51.993     ENTITY       : Init entity @"ENTITY:2305843009213695743" ('SCR_BaseTaskManager') at <20.724001 0.000000 7.936000> @"{17E3EF2CF455460F}Prefabs/MP/Campaign/CampaignTaskManager.et"
14:52:51.994      GUI          : WidgetManager: CrateWidgets @"{ACCF501DD69CAF7B}UI/layouts/Tasks/TaskList.layout"
14:52:51.994       SCRIPT    (E): No data found for keyboard:KC_ESCAPE !! Check 'chimeraMapping.conf' and add data if necessary! Provided Actioname: TasksClose.
14:52:52.140    WORLD        : WORLD        : NotifyEntitiesInitialized
14:52:52.140     TERRAIN      : TERRAIN      : Initializing road networks...
14:52:52.142     PROFILING    : Initializing road networks... took: 2.004000 ms
14:52:52.207     INIT         : INIT         : SoundWorldInit
14:52:52.250     PROFILING    : SoundWorldInit took: 42.535000 ms
14:52:52.250    PROFILING    : NotifyEntitiesInitialized took: 109.763000 ms
14:52:52.250   PROFILING    : CreateEntities took: 13196.844000 ms
14:52:52.250  PROFILING    : CreateEntities took: 13197.125000 ms
14:52:52.251  WORLD        : WORLD        : EOnActivate
14:52:52.320  PROFILING    : EOnActivate took: 68.840000 ms
14:52:52.320 PROFILING    : Game::LoadEntities took: 15421.263000 ms
14:52:52.406 NETWORK      : RPL listen address requested: '0.0.0.0:2001'
14:52:52.484 NETWORK      : Starting RPL server, listening on address 0.0.0.0:2001, fastValidation=true
14:52:53.786 BACKEND      : Server registered with address: 71.115.16.189:2001
14:52:53.786 BACKEND      : Direct Join Code: 0759202918
14:52:53.787 BACKEND      : Ping Site: new_york
14:52:53.987 BACKEND      : [RCON] Init, Ip address=0.0.0.0 and Port=19999
14:52:54.172 DEFAULT      : Entered online game state.
14:52:54.319 WORLD        : Frame start
14:52:54.320  NETWORK      : Projectiles will simulate using: EOnFrame
14:52:54.320  SCRIPT       : ScenarioFramework: Available tasks are empty, no new tasks will be generated.
14:52:54.332 WORLD        : UpdateEntities
14:52:54.332  WORLD        : Frame
14:52:54.332   SCRIPT       : SCR_BaseGameMode::OnGameStateChanged = GAME
