---------------------------------------------
Log /home/profile/logs/logs_2025-10-28_14-45-30/console.log started at 2025-10-28 14:45:30 (2025-10-28 14:45:30 UTC)

14:45:30.927 ENGINE       : FileSystem: Adding relative directory '/home/profile/logs/logs_2025-10-28_14-45-30' to filesystem under name logs
14:45:30.929 ENGINE       : FileSystem: Adding relative directory '/home/profile/profile' to filesystem under name profile
14:45:30.932 ENGINE       : Initializing engine, version 185382
14:45:30.932 ENGINE       : CLI Params: -config /reforger/Configs/docker_generated.json -backendlog -nothrow -maxFPS 60 -profile /home/profile -addonDownloadDir /reforger/workshop -addonsDir /reforger/workshop 
14:45:30.937 ENGINE       : Addon dirs:
14:45:30.937  ENGINE       : dir: '/reforger/workshop'
14:45:30.937  ENGINE       : dir: './addons'
14:45:30.937  ENGINE       : dir: '/home/profile/addons'
14:45:30.937 ENGINE       : Available addons:
14:45:30.937  ENGINE       : gproj: './addons/data/ArmaReforger.gproj' guid: '58D0FB3206B6F859' (packed)
14:45:30.937  ENGINE       : gproj: './addons/core/core.gproj' guid: '5614BBCCBB55ED1C' (packed)
14:45:31.000 ENGINE       : FileSystem: Adding package './addons/data/' (pak count: 4) to filesystem under name ArmaReforger
14:45:31.001 ENGINE       : FileSystem: Adding package './addons/core/' (pak count: 1) to filesystem under name core
14:45:31.001 RESOURCES    : ResourceDB: loading cache (id=0 name=ArmaReforger path=./addons/data/resourceDatabase.rdb)
14:45:31.159 RESOURCES    : ResourceDB: loading cache (id=1 name=core path=./addons/core/resourceDatabase.rdb)
14:45:31.160 RESOURCES    : ResourceDB: loading cache (id=2 name=profile path=/home/profile/profile/resourceDatabase.rdb)
14:45:31.161 RESOURCES    : ResourceDB: loading cache (id=3 name=logs path=/home/profile/logs/logs_2025-10-28_14-45-30/resourceDatabase.rdb)
14:45:31.254 ENGINE       : GameProject load
14:45:31.254  ENGINE       : Loaded addons:
14:45:31.255   ENGINE       : gproj: './addons/core/core.gproj' guid: '5614BBCCBB55ED1C'
14:45:31.255   ENGINE       : gproj: './addons/data/ArmaReforger.gproj' guid: '58D0FB3206B6F859'
14:45:31.256 ENGINE       : Loading custom engine user config '$profile:.save/settings/ReforgerEngineSettings.conf'
14:45:31.258 INIT         : GameProject engine user settings load @"$profile:.save/settings/ReforgerEngineSettings.conf"
14:45:31.258  ENGINE       : Engine user settings config loaded
14:45:31.258 PROFILING    : Settings changed took: 0.002000 ms
14:45:31.259 RENDER       : Basic screen setup:
14:45:31.259 RENDER       :   Back buffer width x height: 0x0
14:45:31.259 RENDER       :   Back buffer format	       : TEXFMT_UNKNOWN (0)
14:45:31.260 RENDER       :   MSAA                      : none
14:45:31.260 RENDER       : GPU_DUMMY (0xFFFF) (Enfusion dummy render) with 1 GPU detected, VRAM 128MB (fast 128MB), shared 128MB, driver version Unknown version
14:45:31.260 RENDER       : Detected output devices:
14:45:31.260 RENDER       :  * 1 device/s connected to Dummy:
14:45:31.260 RENDER       :    Dummy output (Dummy device for our dummy render.), 1920x1080 (offset 0x0), 60Hz
14:45:31.260 RENDER       :   Concurrent frames limit 2
14:45:31.260 ENGINE       : Job system settings: coreCount=20, shortJobContextCount=16, shortJobThreadCount=15, longJobThreadCount=7
14:45:31.324 RENDER    (E): GrassMaterialClass: cannot find perlin noise texture (system/textures/perlin.edds)
14:45:31.328 MATERIAL  (E): SMAAEffect area texture not found (system/textures/PP/smaa_area)
14:45:31.328 MATERIAL  (E): SMAAEffect search texture not found (system/textures/PP/smaa_search)
14:45:31.329 PROFILING    : Settings changed took: 0.027000 ms
14:45:31.331 ENGINE       : Initializing inputs.
14:45:31.337 NETWORK      : Initializing networking.
14:45:31.337 SCRIPT       : SCRIPT       : Initializing scripts
14:45:31.339  SCRIPT       : SCRIPT       : ScriptProjectManager init
14:45:31.339  PROFILING    : ScriptProjectManager init took: 0.019000 ms
14:45:31.354 PROFILING    : Initializing scripts took: 15.214000 ms
14:45:31.354 ENGINE       : Enfusion engine successfully created.
14:45:31.356 GUI          : Using default language (en_us)
14:45:31.356 GUI          : Loading 'en_us' localization file.
14:45:31.357 INIT         : INIT         : Loading StringTable
14:45:31.377 PROFILING    : Loading StringTable took: 20.086000 ms
14:45:31.377 SCRIPT       : SCRIPT       : Compiling GameLib scripts
14:45:31.399  SCRIPT       : Module: GameLib; loaded 354x files; 541x classes; used 504/2097 kB (24%) of static memory; defines: "PLATFORM_LINUX,ENF_ENABLE_VHC_OVERRIDE,ENF_ENABLE_RPLCOMPONENT_IN_GAMECODE"; CRC32: 57d31b2f
14:45:31.402 PROFILING    : Compiling GameLib scripts took: 24.621000 ms
14:45:31.402 SCRIPT       : SCRIPT       : Compiling Game scripts
14:45:31.876 SCRIPT       : Compiling Game scripts
14:45:31.877  SCRIPT    (W): @"scripts/GameCode/Effects/SCR_OptimizedMuzzleEffectComponent.c,14": Possible variable name conflict 'inScope'
14:45:31.909  SCRIPT    (W): @"scripts/Game/Editor/UI/Components/Modes/SCR_PhotoSaveModeEditorUIComponent.c,25": Pointer type 'PixelRawData' can only be used with local variables
14:45:32.061  SCRIPT    (W): @"scripts/Game/Campaign/UI/SCR_CampaignUIMutePlayerComponent.c,28": 'GetPlayerBlockedState' is obsolete: Session blocking is no longer supported.
14:45:32.062  SCRIPT    (W): @"scripts/Game/Campaign/UI/SCR_CampaignUIMutePlayerComponent.c,30": 'SetPlayerBlockedState' is obsolete: Session blocking is no longer supported.
14:45:32.062  SCRIPT    (W): @"scripts/Game/Campaign/UI/SCR_CampaignUIMutePlayerComponent.c,35": 'SetPlayerBlockedState' is obsolete: Session blocking is no longer supported.
14:45:32.076  SCRIPT    (W): @"scripts/Game/Components/Damage/SCR_VehicleDamageManagerComponent.c,826": Variable 'geomIndex' is not used
14:45:32.105  SCRIPT    (W): @"scripts/Game/Components/Voting/SCR_VotingKick.c,134": Variable 'outcome' is not used
14:45:32.175  SCRIPT    (W): @"scripts/Game/Entities/GridSpawnerEntity.c,180": 'Randomize' is obsolete: If seed need to be used use RandomGenerator instead
14:45:32.232  SCRIPT    (W): @"scripts/Game/Groups/SCR_GroupTileButton.c,684": 'GetPlayerMutedState' is obsolete: Use SocialComponent.IsMuted(playerId).
14:45:32.269  SCRIPT    (W): @"scripts/Game/ScenarioFramework/Actions/AIActions/SCR_ScenarioFrameworkAIActionSetCharacterStance.c,23": 'SetStance' is obsolete
14:45:32.270  SCRIPT    (W): @"scripts/Game/ScenarioFramework/Actions/AIActions/SCR_ScenarioFrameworkAIActionSetMovementType.c,23": 'SetMovementType' is obsolete
14:45:32.334  SCRIPT    (W): @"scripts/Game/UI/HUD/SCR_PlayerListMenu.c,436": 'SetPlayerMutedState' is obsolete: Use SocialComponent.SetMuted(playerId, muted).
14:45:32.335  SCRIPT    (W): @"scripts/Game/UI/HUD/SCR_PlayerListMenu.c,438": 'GetPlayerMutedState' is obsolete: Use SocialComponent.IsMuted(playerId).
14:45:32.335  SCRIPT    (W): @"scripts/Game/UI/HUD/SCR_PlayerListMenu.c,498": 'GetPlayerMutedState' is obsolete: Use SocialComponent.IsMuted(playerId).
14:45:32.336  SCRIPT    (W): @"scripts/Game/UI/HUD/SCR_PlayerListMenu.c,1132": 'GetPlayerMutedState' is obsolete: Use SocialComponent.IsMuted(playerId).
14:45:32.337  SCRIPT    (W): @"scripts/Game/UI/HUD/SCR_PlayerListMenu.c,1135": 'GetPlayerMutedState' is obsolete: Use SocialComponent.IsMuted(playerId).
14:45:32.337  SCRIPT    (W): @"scripts/Game/UI/HUD/SCR_PlayerListMenu.c,1139": 'GetPlayerMutedState' is obsolete: Use SocialComponent.IsMuted(playerId).
14:45:32.370  SCRIPT    (W): @"scripts/Game/UI/Menu/ContentBrowser/MainMenu/SCR_ContentBrowser_AddonsFilteredSubMenu.c,7": 'SetPageItems' is obsolete: Use SetPageSize() instead!
14:45:32.370  SCRIPT    (W): @"scripts/Game/UI/Menu/ContentBrowser/MainMenu/SCR_ContentBrowser_AddonsFilteredSubMenu.c,36": 'SetPageItems' is obsolete: Use SetPageSize() instead!
14:45:32.371  SCRIPT    (W): @"scripts/Game/UI/Menu/ContentBrowser/MainMenu/SCR_ContentBrowser_AddonsSubMenu.c,358": 'SetPageItems' is obsolete: Use SetPageSize() instead!
14:45:32.372  SCRIPT    (W): @"scripts/Game/UI/Menu/ContentBrowser/MainMenu/SCR_ContentBrowser_AddonsSubMenu.c,380": 'SetPageItems' is obsolete: Use SetPageSize() instead!
14:45:32.372  SCRIPT    (W): @"scripts/Game/UI/Menu/ContentBrowser/MainMenu/SCR_ContentBrowser_AddonsSubMenu.c,420": 'SetPageItems' is obsolete: Use SetPageSize() instead!
14:45:32.373  SCRIPT    (W): @"scripts/Game/UI/Menu/ContentBrowser/MainMenu/SCR_ContentBrowser_AddonsSubMenu.c,444": 'SetPageItems' is obsolete: Use SetPageSize() instead!
14:45:32.385  SCRIPT    (W): @"scripts/Game/UI/Menu/GroupSettingsDialogUI.c,37": 'GetPrivilegeAsync' is obsolete: Use SocialComponent.RequestSocialPrivilege() or RequestMultiplayerPrivilege()
14:45:32.396  SCRIPT    (W): @"scripts/Game/UI/Menu/ServerBrowserMenuUI.c,2799": 'GetPrivilegeAsync' is obsolete: Use SocialComponent.RequestSocialPrivilege() or RequestMultiplayerPrivilege()
14:45:32.396  SCRIPT    (W): @"scripts/Game/UI/Menu/ServerBrowserMenuUI.c,2832": 'GetPrivilegeAsync' is obsolete: Use SocialComponent.RequestSocialPrivilege() or RequestMultiplayerPrivilege()
14:45:32.397  SCRIPT    (W): @"scripts/Game/UI/Menu/ServerBrowserMenuUI.c,2857": 'GetPrivilegeAsync' is obsolete: Use SocialComponent.RequestSocialPrivilege() or RequestMultiplayerPrivilege()
14:45:32.420  SCRIPT    (W): @"scripts/Game/Vehicle/SCR_ImpactEffectComponent.c,206": Comparing unrelated types 'Class' and 'Physics'
14:45:32.421  SCRIPT    (W): @"scripts/Game/Vehicle/SCR_ImpactEffectComponent.c,337": Comparing unrelated types 'Class' and 'Physics'
14:45:32.425  SCRIPT    (W): @"scripts/Game/Weapon/Sights/SCR_2DPIPSightsComponent.c,432": 'SetGUIWidget' is obsolete: Use SetRenderTarget(IEntity ent) instead
14:45:32.425  SCRIPT    (W): @"scripts/Game/Weapon/Sights/SCR_2DPIPSightsComponent.c,481": 'SetGUIWidget' is obsolete: Use SetRenderTarget(IEntity ent) instead
14:45:32.427  SCRIPT    (W): @"scripts/Game/Weapon/Sights/SCR_PIPSightsComponent.c,115": 'SetGUIWidget' is obsolete: Use SetRenderTarget(IEntity ent) instead
14:45:32.428  SCRIPT    (W): @"scripts/Game/Workshop/SCR_AddonManager.c,256": 'GetPrivilege' is obsolete: Use SocialComponent.IsPrivilegedTo() or IsMultiplayerAllowed()
14:45:32.428  SCRIPT    (W): @"scripts/Game/Workshop/SCR_AddonManager.c,280": 'GetPrivilegeAsync' is obsolete: Use SocialComponent.RequestSocialPrivilege() or RequestMultiplayerPrivilege()
14:45:32.462  SCRIPT       : Module: Game; loaded 4727x files; 9525x classes; used 20798/41943 kB (49%) of static memory; defines: "PLATFORM_LINUX,ENF_ENABLE_VHC_OVERRIDE,ENF_ENABLE_RPLCOMPONENT_IN_GAMECODE,ENABLE_BASE_DESTRUCTION,BUDGET_OPTIMIZATION_CHECKS,DEBUG,RESPAWN_TIMER_COMPONENT_DEBUG,DEBUG_CONFIGURABLE_DIALOGS,DISABLE_WEAPON_SWITCHING,SCRIPTED_AIM_MODIFIER_DEBUG"; CRC32: 613c4e90
14:45:33.066 PROFILING    : Compiling Game scripts took: 1663.291000 ms
14:45:33.067 INIT         : Creating game instance(ArmaReforgerScripted), version 1.4.0.55 built 2025-08-28 15:20:48 UTC.
14:45:33.089 BACKEND      : Loading dedicated server config.
14:45:33.089  BACKEND      : Server config loaded.
14:45:33.090  BACKEND      : JSON Schema Validation:
14:45:33.090   BACKEND      : JSON is Valid
14:45:33.096 ENGINE       : Game successfully created.
14:45:33.139 PLATFORM     : Save data from container 'settings' have been loaded
14:45:33.239 PLATFORM     : Save data from container 'sessions' have been loaded
14:45:33.244 PLATFORM     : GameProject user settings load from profile @"ReforgerGameSettings.conf"
14:45:33.244  ENGINE       : Game user settings config loaded
14:45:33.245 NETWORK      : Starting dedicated server using command line args.
14:45:33.338 BACKEND      : Required addons are ready to use.
14:45:33.636 PLATFORM     : Save data from container 'settings' have been loaded
14:45:33.736 PLATFORM     : Save data from container 'sessions' have been loaded
14:45:33.736 PLATFORM     : GameProject user settings load from profile @"ReforgerGameSettings.conf"
14:45:33.736  ENGINE       : Game user settings config loaded
14:45:33.739 WORLD        : WORLD        : Entities load @"{9DF143A76F5C6460}worlds/MP/CTI_Campaign_Eden.ent"
14:45:34.462 WORLD        : Entities load @"{9DF143A76F5C6460}worlds/MP/CTI_Campaign_Eden.ent"
14:45:34.463  WORLD        : Subscene load @"{853E92315D1D9EFE}worlds/Eden/Eden.ent"
14:45:34.463   RESOURCES    : GetResourceObject @"{C8FAB83670BCF7C3}Prefabs/Structures/Cultural/Calvaries/CalvaryLarge_01.et"
14:45:34.463    WORLD        : Entity prefab load @"{C8FAB83670BCF7C3}Prefabs/Structures/Cultural/Calvaries/CalvaryLarge_01.et"
14:45:34.464     RESOURCES (E): Wrong GUID/name for resource @"{45ECF6B1797D3CD9}system/wbdata/PreviewWindow/TransparentMat.emat" in property "AssignedMaterial"
14:45:34.683 PROFILING    : Entities load took: 944.025000 ms
14:45:34.683 WORLD        : WORLD        : Game::LoadEntities
14:45:34.700  NETWORK      : Enabled lag compensation, 29 frames with 100 FPS and 280 ms rewind limits.
14:45:34.701  WORLD        : WORLD        : Preload
14:45:35.195  PROFILING    : Preload took: 494.517000 ms
14:45:35.196  WORLD        : WORLD        : Wait for preloading data
14:45:35.197 RESOURCES    : Particle effect load @"Particles/Weapon/Explosion_TM62M_AT_Mine_LOD1.ptc"
14:45:35.198  RESOURCES (E): Wrong GUID/name for resource @"{29FBEC1991810EEF}system/wbdata/ParticleEditor/defaultPrefab.et" in property "Prefab"
14:45:35.198 RESOURCES    : Particle effect load @"Particles/Weapon/Explosion_TM62M_AT_Mine.ptc"
14:45:35.198  RESOURCES (E): Wrong GUID/name for resource @"{29FBEC1991810EEF}system/wbdata/ParticleEditor/defaultPrefab.et" in property "Prefab"
14:45:35.199 RESOURCES    : Particle effect load @"Particles/Weapon/Explosion_TM62M_AT_Mine_LOD2.ptc"
14:45:35.199  RESOURCES (E): Wrong GUID/name for resource @"{29FBEC1991810EEF}system/wbdata/ParticleEditor/defaultPrefab.et" in property "Prefab"
14:45:36.848  PROFILING    : Wait for preloading data took: 1652.626000 ms
14:45:36.849  WORLD        : WORLD        : CreateEntities
14:45:36.849   WORLD        : WORLD        : CreateEntities
14:45:36.849    WORLD        : WORLD        : NotifyBeforeEntitiesCreated
14:45:36.849 WORLD        : Game::LoadEntities
14:45:36.849  WORLD        : CreateEntities
14:45:36.849   WORLD        : CreateEntities
14:45:36.850    WORLD        : NotifyBeforeEntitiesCreated
14:45:36.850     DEFAULT   (W): Server config tried to enable VONDisableUI or VONDisableDirectSpeechUI, this is not allowed.
14:45:36.851     RESOURCES    : Loaded mission headers from 2 addon(s)!
14:45:36.851    PROFILING    : NotifyBeforeEntitiesCreated took: 2.145000 ms
14:45:36.887    ENTITY       : Create entity @"ENTITY:1" ('world', GenericWorldEntity) at <0.000000 0.000000 0.000000>
14:45:36.887     RESOURCES (E):   Failed to decompress memory image data. Data is not DXT.
14:45:36.887     WORLD     (E): Shore map CPU data creation failed - decompression of DF near atlas texture failed.
14:45:36.887     WORLD     (E): Loading of shore map failed - creation of CPU data failed
14:45:36.887     WORLD     (E): Loading of shore map failed - post load checks failed
14:45:36.888    ENTITY       : Create entity @"ENTITY:2" ('Eden', GenericTerrainEntity) at <0.000000 0.000000 0.000000>
14:45:36.888     PROFILING    : PROFILING    : Terrain load
14:45:39.025     PROFILING    : Terrain load took: 2137.120000 ms
14:45:42.300    ENTITY       : Create entity @"ENTITY:610688" ('StaticModelEntity','Assets/Structures/Infrastructure/Towers/TransmitterTower_01/TransmitterTower_01_small.xob') at <1931.796021 81.777000 5138.725098> @"{6A004A8F0571D456}Prefabs/Structures/Infrastructure/Towers/TransmitterTower_01/TransmitterTower_01_small.et"
14:45:42.300     DEFAULT   (W): World doesn't contain RadioManagerEntity to support any BaseRadioComponent.
14:45:44.925    ENTITY       : Create entity @"ENTITY:1055324" ('GenericEntity') at <6225.922852 107.562500 5118.536133>
14:45:44.926     ENTITY    (E): Door action not set for @"ENTITY:1055324" ('GenericEntity') at <6225.922852 107.562500 5118.536133>
14:45:44.926    ENTITY       : Create entity @"ENTITY:1055357" ('GenericEntity') at <5252.018066 38.411251 11397.515625>
14:45:44.927     ENTITY    (E): Door action not set for @"ENTITY:1055357" ('GenericEntity') at <5252.018066 38.411251 11397.515625>
14:45:44.927    ENTITY       : Create entity @"ENTITY:1055390" ('GenericEntity') at <3274.975098 114.904022 5189.225098>
14:45:44.928     ENTITY    (E): Door action not set for @"ENTITY:1055390" ('GenericEntity') at <3274.975098 114.904022 5189.225098>
14:45:44.928    ENTITY       : Create entity @"ENTITY:1055423" ('GenericEntity') at <3741.502930 80.400497 6630.824219>
14:45:44.928     ENTITY    (E): Door action not set for @"ENTITY:1055423" ('GenericEntity') at <3741.502930 80.400497 6630.824219>
14:45:44.929    ENTITY       : Create entity @"ENTITY:1055458" ('GenericEntity') at <5642.888184 89.763420 5352.812012>
14:45:44.929     ENTITY    (E): Door action not set for @"ENTITY:1055458" ('GenericEntity') at <5642.888184 89.763420 5352.812012>
14:45:44.930    ENTITY       : Create entity @"ENTITY:1055491" ('GenericEntity') at <1365.465942 41.945751 5944.875000>
14:45:44.930     ENTITY    (E): Door action not set for @"ENTITY:1055491" ('GenericEntity') at <1365.465942 41.945751 5944.875000>
14:45:44.931    ENTITY       : Create entity @"ENTITY:1055524" ('GenericEntity') at <4556.948242 20.443750 9608.875000>
14:45:44.931     ENTITY    (E): Door action not set for @"ENTITY:1055524" ('GenericEntity') at <4556.948242 20.443750 9608.875000>
14:45:44.931    ENTITY       : Create entity @"ENTITY:1055557" ('GenericEntity') at <4612.849121 158.267273 7012.264160>
14:45:44.932     ENTITY    (E): Door action not set for @"ENTITY:1055557" ('GenericEntity') at <4612.849121 158.267273 7012.264160>
14:45:44.932    ENTITY       : Create entity @"ENTITY:1055590" ('GenericEntity') at <5782.269043 28.741789 10179.600586>
14:45:44.932     ENTITY    (E): Door action not set for @"ENTITY:1055590" ('GenericEntity') at <5782.269043 28.741789 10179.600586>
14:45:44.933    ENTITY       : Create entity @"ENTITY:1055623" ('GenericEntity') at <5571.204102 91.851639 5976.666992>
14:45:44.933     ENTITY    (E): Door action not set for @"ENTITY:1055623" ('GenericEntity') at <5571.204102 91.851639 5976.666992>
14:45:44.934    ENTITY       : Create entity @"ENTITY:1055656" ('GenericEntity') at <7223.090820 136.826721 2315.154053>
14:45:44.934     ENTITY    (E): Door action not set for @"ENTITY:1055656" ('GenericEntity') at <7223.090820 136.826721 2315.154053>
14:45:44.934    ENTITY       : Create entity @"ENTITY:1055689" ('GenericEntity') at <7223.857910 137.444275 2372.346924>
14:45:44.934     ENTITY    (E): Door action not set for @"ENTITY:1055689" ('GenericEntity') at <7223.857910 137.444275 2372.346924>
14:45:44.935    ENTITY       : Create entity @"ENTITY:1055722" ('GenericEntity') at <4522.501953 15.952277 10653.205078>
14:45:44.935     ENTITY    (E): Door action not set for @"ENTITY:1055722" ('GenericEntity') at <4522.501953 15.952277 10653.205078>
14:45:44.936    ENTITY       : Create entity @"ENTITY:1055755" ('GenericEntity') at <9417.439453 45.156071 1688.795044>
14:45:44.936     ENTITY    (E): Door action not set for @"ENTITY:1055755" ('GenericEntity') at <9417.439453 45.156071 1688.795044>
14:45:45.068    ENTITY       : Create entity @"ENTITY:1104299" ('StaticModelEntity') at <8831.291016 95.934265 2673.487061>
14:45:45.068     MATERIAL     : Material load @"{45ECF6B1797D3CD9}system/wbdata/PreviewWindow/TransparentMat.emat"
14:45:45.068      MATERIAL  (E): Material file not found
14:45:45.068     MATERIAL  (E): Object @"Assets/Structures/Cultural/Calvaries/CalvaryLarge_01/CalvaryLarge_01.xob" - cannot load material @"system/wbdata/PreviewWindow/TransparentMat.emat", creating default one (class MatPBRBasic)
14:45:48.383    ENTITY       : Create entity @"ENTITY:2305843009213698652" ('GenericEntity','Assets/Props/Military/Antennas/Antenna_R161_01/Antenna_R161_01.xob') at <9354.231445 204.427994 1162.372070>
14:45:48.383     DEFAULT   (W): BaseRadioComponent does not have any transceiver. (Entity: @"ENTITY:2305843009213698652" ('GenericEntity','Assets/Props/Military/Antennas/Antenna_R161_01/Antenna_R161_01.xob') at <9354.231445 204.427994 1162.372070>). Only printing this message once. There're possibly more nodes with this requirement.
14:45:49.109    WORLD        : WORLD        : NotifyBeforeEntitiesInitialized
14:45:49.109    PROFILING    : NotifyBeforeEntitiesInitialized took: 0.064000 ms
14:45:49.110    WORLD        : InitEntities 'world'
14:45:49.110     ENTITY       : Init entity @"ENTITY:3" ('SCR_MapEntity1', SCR_MapEntity) at <6400.000000 0.000000 6400.000000> @"{E1B88C66BF6CA1F9}Prefabs/World/Game/MapEntity_Everon.et"
14:45:49.111      SCRIPT    (W): SCR_MapEntity: Cannot get the size from terrain. Using default.
14:45:49.661     ENTITY       : Init entity @"ENTITY:2305843009213695743" ('SCR_BaseTaskManager') at <20.724001 0.000000 7.936000> @"{17E3EF2CF455460F}Prefabs/MP/Campaign/CampaignTaskManager.et"
14:45:49.661      GUI          : WidgetManager: CrateWidgets @"{ACCF501DD69CAF7B}UI/layouts/Tasks/TaskList.layout"
14:45:49.661       SCRIPT    (E): No data found for keyboard:KC_ESCAPE !! Check 'chimeraMapping.conf' and add data if necessary! Provided Actioname: TasksClose.
14:45:49.812    WORLD        : WORLD        : NotifyEntitiesInitialized
14:45:49.812     TERRAIN      : TERRAIN      : Initializing road networks...
14:45:49.815     PROFILING    : Initializing road networks... took: 2.353000 ms
14:45:49.878     INIT         : INIT         : SoundWorldInit
14:45:49.923     PROFILING    : SoundWorldInit took: 43.753000 ms
14:45:49.923    PROFILING    : NotifyEntitiesInitialized took: 110.656000 ms
14:45:49.923   PROFILING    : CreateEntities took: 13074.229000 ms
14:45:49.923  PROFILING    : CreateEntities took: 13074.430000 ms
14:45:49.923  WORLD        : WORLD        : EOnActivate
14:45:49.997  PROFILING    : EOnActivate took: 73.724000 ms
14:45:49.997 PROFILING    : Game::LoadEntities took: 15314.159000 ms
14:45:50.089 NETWORK      : RPL listen address requested: '0.0.0.0:2001'
14:45:50.147 NETWORK      : Starting RPL server, listening on address 0.0.0.0:2001, fastValidation=true
14:45:51.344 BACKEND      : Server registered with address: 71.115.16.189:2001
14:45:51.344 BACKEND      : Direct Join Code: 0713619952
14:45:51.344 BACKEND      : Ping Site: new_york
14:45:51.544 BACKEND      : [RCON] Init, Ip address=0.0.0.0 and Port=19999
14:45:51.723 DEFAULT      : Entered online game state.
14:45:51.870 WORLD        : Frame start
14:45:51.871  NETWORK      : Projectiles will simulate using: EOnFrame
14:45:51.871  SCRIPT       : ScenarioFramework: Available tasks are empty, no new tasks will be generated.
14:45:51.883 WORLD        : UpdateEntities
14:45:51.883  WORLD        : Frame
14:45:51.883   SCRIPT       : SCR_BaseGameMode::OnGameStateChanged = GAME
