---------------------------------------------
Log /home/profile/logs/logs_2025-10-28_14-45-30/error.log started at 2025-10-28 14:45:31 (2025-10-28 14:45:31 UTC)

14:45:31.324 RENDER    (E): GrassMaterialClass: cannot find perlin noise texture (system/textures/perlin.edds)
14:45:31.328 MATERIAL  (E): SMAAEffect area texture not found (system/textures/PP/smaa_area)
14:45:31.328 MATERIAL  (E): SMAAEffect search texture not found (system/textures/PP/smaa_search)
14:45:31.876 SCRIPT       : Compiling Game scripts
14:45:31.877  SCRIPT    (W): @"scripts/GameCode/Effects/SCR_OptimizedMuzzleEffectComponent.c,14": Possible variable name conflict 'inScope'
14:45:31.908  SCRIPT    (W): @"scripts/Game/Editor/UI/Components/Modes/SCR_PhotoSaveModeEditorUIComponent.c,25": Pointer type 'PixelRawData' can only be used with local variables
14:45:32.061  SCRIPT    (W): @"scripts/Game/Campaign/UI/SCR_CampaignUIMutePlayerComponent.c,28": 'GetPlayerBlockedState' is obsolete: Session blocking is no longer supported.
14:45:32.061  SCRIPT    (W): @"scripts/Game/Campaign/UI/SCR_CampaignUIMutePlayerComponent.c,30": 'SetPlayerBlockedState' is obsolete: Session blocking is no longer supported.
14:45:32.062  SCRIPT    (W): @"scripts/Game/Campaign/UI/SCR_CampaignUIMutePlayerComponent.c,35": 'SetPlayerBlockedState' is obsolete: Session blocking is no longer supported.
14:45:32.076  SCRIPT    (W): @"scripts/Game/Components/Damage/SCR_VehicleDamageManagerComponent.c,826": Variable 'geomIndex' is not used
14:45:32.105  SCRIPT    (W): @"scripts/Game/Components/Voting/SCR_VotingKick.c,134": Variable 'outcome' is not used
14:45:32.175  SCRIPT    (W): @"scripts/Game/Entities/GridSpawnerEntity.c,180": 'Randomize' is obsolete: If seed need to be used use RandomGenerator instead
14:45:32.231  SCRIPT    (W): @"scripts/Game/Groups/SCR_GroupTileButton.c,684": 'GetPlayerMutedState' is obsolete: Use SocialComponent.IsMuted(playerId).
14:45:32.269  SCRIPT    (W): @"scripts/Game/ScenarioFramework/Actions/AIActions/SCR_ScenarioFrameworkAIActionSetCharacterStance.c,23": 'SetStance' is obsolete
14:45:32.270  SCRIPT    (W): @"scripts/Game/ScenarioFramework/Actions/AIActions/SCR_ScenarioFrameworkAIActionSetMovementType.c,23": 'SetMovementType' is obsolete
14:45:32.334  SCRIPT    (W): @"scripts/Game/UI/HUD/SCR_PlayerListMenu.c,436": 'SetPlayerMutedState' is obsolete: Use SocialComponent.SetMuted(playerId, muted).
14:45:32.335  SCRIPT    (W): @"scripts/Game/UI/HUD/SCR_PlayerListMenu.c,438": 'GetPlayerMutedState' is obsolete: Use SocialComponent.IsMuted(playerId).
14:45:32.335  SCRIPT    (W): @"scripts/Game/UI/HUD/SCR_PlayerListMenu.c,498": 'GetPlayerMutedState' is obsolete: Use SocialComponent.IsMuted(playerId).
14:45:32.336  SCRIPT    (W): @"scripts/Game/UI/HUD/SCR_PlayerListMenu.c,1132": 'GetPlayerMutedState' is obsolete: Use SocialComponent.IsMuted(playerId).
14:45:32.337  SCRIPT    (W): @"scripts/Game/UI/HUD/SCR_PlayerListMenu.c,1135": 'GetPlayerMutedState' is obsolete: Use SocialComponent.IsMuted(playerId).
14:45:32.337  SCRIPT    (W): @"scripts/Game/UI/HUD/SCR_PlayerListMenu.c,1139": 'GetPlayerMutedState' is obsolete: Use SocialComponent.IsMuted(playerId).
14:45:32.369  SCRIPT    (W): @"scripts/Game/UI/Menu/ContentBrowser/MainMenu/SCR_ContentBrowser_AddonsFilteredSubMenu.c,7": 'SetPageItems' is obsolete: Use SetPageSize() instead!
14:45:32.370  SCRIPT    (W): @"scripts/Game/UI/Menu/ContentBrowser/MainMenu/SCR_ContentBrowser_AddonsFilteredSubMenu.c,36": 'SetPageItems' is obsolete: Use SetPageSize() instead!
14:45:32.371  SCRIPT    (W): @"scripts/Game/UI/Menu/ContentBrowser/MainMenu/SCR_ContentBrowser_AddonsSubMenu.c,358": 'SetPageItems' is obsolete: Use SetPageSize() instead!
14:45:32.372  SCRIPT    (W): @"scripts/Game/UI/Menu/ContentBrowser/MainMenu/SCR_ContentBrowser_AddonsSubMenu.c,380": 'SetPageItems' is obsolete: Use SetPageSize() instead!
14:45:32.372  SCRIPT    (W): @"scripts/Game/UI/Menu/ContentBrowser/MainMenu/SCR_ContentBrowser_AddonsSubMenu.c,420": 'SetPageItems' is obsolete: Use SetPageSize() instead!
14:45:32.373  SCRIPT    (W): @"scripts/Game/UI/Menu/ContentBrowser/MainMenu/SCR_ContentBrowser_AddonsSubMenu.c,444": 'SetPageItems' is obsolete: Use SetPageSize() instead!
14:45:32.385  SCRIPT    (W): @"scripts/Game/UI/Menu/GroupSettingsDialogUI.c,37": 'GetPrivilegeAsync' is obsolete: Use SocialComponent.RequestSocialPrivilege() or RequestMultiplayerPrivilege()
14:45:32.395  SCRIPT    (W): @"scripts/Game/UI/Menu/ServerBrowserMenuUI.c,2799": 'GetPrivilegeAsync' is obsolete: Use SocialComponent.RequestSocialPrivilege() or RequestMultiplayerPrivilege()
14:45:32.396  SCRIPT    (W): @"scripts/Game/UI/Menu/ServerBrowserMenuUI.c,2832": 'GetPrivilegeAsync' is obsolete: Use SocialComponent.RequestSocialPrivilege() or RequestMultiplayerPrivilege()
14:45:32.397  SCRIPT    (W): @"scripts/Game/UI/Menu/ServerBrowserMenuUI.c,2857": 'GetPrivilegeAsync' is obsolete: Use SocialComponent.RequestSocialPrivilege() or RequestMultiplayerPrivilege()
14:45:32.420  SCRIPT    (W): @"scripts/Game/Vehicle/SCR_ImpactEffectComponent.c,206": Comparing unrelated types 'Class' and 'Physics'
14:45:32.421  SCRIPT    (W): @"scripts/Game/Vehicle/SCR_ImpactEffectComponent.c,337": Comparing unrelated types 'Class' and 'Physics'
14:45:32.425  SCRIPT    (W): @"scripts/Game/Weapon/Sights/SCR_2DPIPSightsComponent.c,432": 'SetGUIWidget' is obsolete: Use SetRenderTarget(IEntity ent) instead
14:45:32.425  SCRIPT    (W): @"scripts/Game/Weapon/Sights/SCR_2DPIPSightsComponent.c,481": 'SetGUIWidget' is obsolete: Use SetRenderTarget(IEntity ent) instead
14:45:32.427  SCRIPT    (W): @"scripts/Game/Weapon/Sights/SCR_PIPSightsComponent.c,115": 'SetGUIWidget' is obsolete: Use SetRenderTarget(IEntity ent) instead
14:45:32.428  SCRIPT    (W): @"scripts/Game/Workshop/SCR_AddonManager.c,256": 'GetPrivilege' is obsolete: Use SocialComponent.IsPrivilegedTo() or IsMultiplayerAllowed()
14:45:32.428  SCRIPT    (W): @"scripts/Game/Workshop/SCR_AddonManager.c,280": 'GetPrivilegeAsync' is obsolete: Use SocialComponent.RequestSocialPrivilege() or RequestMultiplayerPrivilege()
14:45:34.462 WORLD        : Entities load @"{9DF143A76F5C6460}worlds/MP/CTI_Campaign_Eden.ent"
14:45:34.463  WORLD        : Subscene load @"{853E92315D1D9EFE}worlds/Eden/Eden.ent"
14:45:34.463   RESOURCES    : GetResourceObject @"{C8FAB83670BCF7C3}Prefabs/Structures/Cultural/Calvaries/CalvaryLarge_01.et"
14:45:34.463    WORLD        : Entity prefab load @"{C8FAB83670BCF7C3}Prefabs/Structures/Cultural/Calvaries/CalvaryLarge_01.et"
14:45:34.463     RESOURCES (E): Wrong GUID/name for resource @"{45ECF6B1797D3CD9}system/wbdata/PreviewWindow/TransparentMat.emat" in property "AssignedMaterial"
14:45:35.197 RESOURCES    : Particle effect load @"Particles/Weapon/Explosion_TM62M_AT_Mine_LOD1.ptc"
14:45:35.197  RESOURCES (E): Wrong GUID/name for resource @"{29FBEC1991810EEF}system/wbdata/ParticleEditor/defaultPrefab.et" in property "Prefab"
14:45:35.198 RESOURCES    : Particle effect load @"Particles/Weapon/Explosion_TM62M_AT_Mine.ptc"
14:45:35.198  RESOURCES (E): Wrong GUID/name for resource @"{29FBEC1991810EEF}system/wbdata/ParticleEditor/defaultPrefab.et" in property "Prefab"
14:45:35.199 RESOURCES    : Particle effect load @"Particles/Weapon/Explosion_TM62M_AT_Mine_LOD2.ptc"
14:45:35.199  RESOURCES (E): Wrong GUID/name for resource @"{29FBEC1991810EEF}system/wbdata/ParticleEditor/defaultPrefab.et" in property "Prefab"
14:45:36.849 WORLD        : Game::LoadEntities
14:45:36.849  WORLD        : CreateEntities
14:45:36.849   WORLD        : CreateEntities
14:45:36.850    WORLD        : NotifyBeforeEntitiesCreated
14:45:36.850     DEFAULT   (W): Server config tried to enable VONDisableUI or VONDisableDirectSpeechUI, this is not allowed.
14:45:36.886    ENTITY       : Create entity @"ENTITY:1" ('world', GenericWorldEntity) at <0.000000 0.000000 0.000000>
14:45:36.887     RESOURCES (E):   Failed to decompress memory image data. Data is not DXT.
14:45:36.887     WORLD     (E): Shore map CPU data creation failed - decompression of DF near atlas texture failed.
14:45:36.887     WORLD     (E): Loading of shore map failed - creation of CPU data failed
14:45:36.887     WORLD     (E): Loading of shore map failed - post load checks failed
14:45:42.299    ENTITY       : Create entity @"ENTITY:610688" ('StaticModelEntity','Assets/Structures/Infrastructure/Towers/TransmitterTower_01/TransmitterTower_01_small.xob') at <1931.796021 81.777000 5138.725098> @"{6A004A8F0571D456}Prefabs/Structures/Infrastructure/Towers/TransmitterTower_01/TransmitterTower_01_small.et"
14:45:42.300     DEFAULT   (W): World doesn't contain RadioManagerEntity to support any BaseRadioComponent.
14:45:44.925    ENTITY       : Create entity @"ENTITY:1055324" ('GenericEntity') at <6225.922852 107.562500 5118.536133>
14:45:44.925     ENTITY    (E): Door action not set for @"ENTITY:1055324" ('GenericEntity') at <6225.922852 107.562500 5118.536133>
14:45:44.926    ENTITY       : Create entity @"ENTITY:1055357" ('GenericEntity') at <5252.018066 38.411251 11397.515625>
14:45:44.927     ENTITY    (E): Door action not set for @"ENTITY:1055357" ('GenericEntity') at <5252.018066 38.411251 11397.515625>
14:45:44.927    ENTITY       : Create entity @"ENTITY:1055390" ('GenericEntity') at <3274.975098 114.904022 5189.225098>
14:45:44.927     ENTITY    (E): Door action not set for @"ENTITY:1055390" ('GenericEntity') at <3274.975098 114.904022 5189.225098>
14:45:44.928    ENTITY       : Create entity @"ENTITY:1055423" ('GenericEntity') at <3741.502930 80.400497 6630.824219>
14:45:44.928     ENTITY    (E): Door action not set for @"ENTITY:1055423" ('GenericEntity') at <3741.502930 80.400497 6630.824219>
14:45:44.929    ENTITY       : Create entity @"ENTITY:1055458" ('GenericEntity') at <5642.888184 89.763420 5352.812012>
14:45:44.929     ENTITY    (E): Door action not set for @"ENTITY:1055458" ('GenericEntity') at <5642.888184 89.763420 5352.812012>
14:45:44.930    ENTITY       : Create entity @"ENTITY:1055491" ('GenericEntity') at <1365.465942 41.945751 5944.875000>
14:45:44.930     ENTITY    (E): Door action not set for @"ENTITY:1055491" ('GenericEntity') at <1365.465942 41.945751 5944.875000>
14:45:44.930    ENTITY       : Create entity @"ENTITY:1055524" ('GenericEntity') at <4556.948242 20.443750 9608.875000>
14:45:44.931     ENTITY    (E): Door action not set for @"ENTITY:1055524" ('GenericEntity') at <4556.948242 20.443750 9608.875000>
14:45:44.931    ENTITY       : Create entity @"ENTITY:1055557" ('GenericEntity') at <4612.849121 158.267273 7012.264160>
14:45:44.931     ENTITY    (E): Door action not set for @"ENTITY:1055557" ('GenericEntity') at <4612.849121 158.267273 7012.264160>
14:45:44.932    ENTITY       : Create entity @"ENTITY:1055590" ('GenericEntity') at <5782.269043 28.741789 10179.600586>
14:45:44.932     ENTITY    (E): Door action not set for @"ENTITY:1055590" ('GenericEntity') at <5782.269043 28.741789 10179.600586>
14:45:44.933    ENTITY       : Create entity @"ENTITY:1055623" ('GenericEntity') at <5571.204102 91.851639 5976.666992>
14:45:44.933     ENTITY    (E): Door action not set for @"ENTITY:1055623" ('GenericEntity') at <5571.204102 91.851639 5976.666992>
14:45:44.933    ENTITY       : Create entity @"ENTITY:1055656" ('GenericEntity') at <7223.090820 136.826721 2315.154053>
14:45:44.934     ENTITY    (E): Door action not set for @"ENTITY:1055656" ('GenericEntity') at <7223.090820 136.826721 2315.154053>
14:45:44.934    ENTITY       : Create entity @"ENTITY:1055689" ('GenericEntity') at <7223.857910 137.444275 2372.346924>
14:45:44.934     ENTITY    (E): Door action not set for @"ENTITY:1055689" ('GenericEntity') at <7223.857910 137.444275 2372.346924>
14:45:44.935    ENTITY       : Create entity @"ENTITY:1055722" ('GenericEntity') at <4522.501953 15.952277 10653.205078>
14:45:44.935     ENTITY    (E): Door action not set for @"ENTITY:1055722" ('GenericEntity') at <4522.501953 15.952277 10653.205078>
14:45:44.936    ENTITY       : Create entity @"ENTITY:1055755" ('GenericEntity') at <9417.439453 45.156071 1688.795044>
14:45:44.936     ENTITY    (E): Door action not set for @"ENTITY:1055755" ('GenericEntity') at <9417.439453 45.156071 1688.795044>
14:45:45.067    ENTITY       : Create entity @"ENTITY:1104299" ('StaticModelEntity') at <8831.291016 95.934265 2673.487061>
14:45:45.068     MATERIAL     : Material load @"{45ECF6B1797D3CD9}system/wbdata/PreviewWindow/TransparentMat.emat"
14:45:45.068      MATERIAL  (E): Material file not found
14:45:45.068     MATERIAL  (E): Object @"Assets/Structures/Cultural/Calvaries/CalvaryLarge_01/CalvaryLarge_01.xob" - cannot load material @"system/wbdata/PreviewWindow/TransparentMat.emat", creating default one (class MatPBRBasic)
14:45:48.383    ENTITY       : Create entity @"ENTITY:2305843009213698652" ('GenericEntity','Assets/Props/Military/Antennas/Antenna_R161_01/Antenna_R161_01.xob') at <9354.231445 204.427994 1162.372070>
14:45:48.383     DEFAULT   (W): BaseRadioComponent does not have any transceiver. (Entity: @"ENTITY:2305843009213698652" ('GenericEntity','Assets/Props/Military/Antennas/Antenna_R161_01/Antenna_R161_01.xob') at <9354.231445 204.427994 1162.372070>). Only printing this message once. There're possibly more nodes with this requirement.
14:45:49.109    WORLD        : InitEntities 'world'
14:45:49.110     ENTITY       : Init entity @"ENTITY:3" ('SCR_MapEntity1', SCR_MapEntity) at <6400.000000 0.000000 6400.000000> @"{E1B88C66BF6CA1F9}Prefabs/World/Game/MapEntity_Everon.et"
14:45:49.111      SCRIPT    (W): SCR_MapEntity: Cannot get the size from terrain. Using default.
14:45:49.660     ENTITY       : Init entity @"ENTITY:2305843009213695743" ('SCR_BaseTaskManager') at <20.724001 0.000000 7.936000> @"{17E3EF2CF455460F}Prefabs/MP/Campaign/CampaignTaskManager.et"
14:45:49.661      GUI          : WidgetManager: CrateWidgets @"{ACCF501DD69CAF7B}UI/layouts/Tasks/TaskList.layout"
14:45:49.661       SCRIPT    (E): No data found for keyboard:KC_ESCAPE !! Check 'chimeraMapping.conf' and add data if necessary! Provided Actioname: TasksClose.
