---------------------------------------------
Log /home/profile/logs/logs_2025-10-28_14-40-27/console.log started at 2025-10-28 14:40:27 (2025-10-28 14:40:27 UTC)

14:40:27.974 ENGINE       : FileSystem: Adding relative directory '/home/profile/logs/logs_2025-10-28_14-40-27' to filesystem under name logs
14:40:27.976 ENGINE       : FileSystem: Adding relative directory '/home/profile/profile' to filesystem under name profile
14:40:27.979 ENGINE       : Initializing engine, version 185382
14:40:27.979 ENGINE       : CLI Params: -config /reforger/Configs/docker_generated.json -backendlog -nothrow -maxFPS 60 -profile /home/profile -addonDownloadDir /reforger/workshop -addonsDir /reforger/workshop 
14:40:27.983 ENGINE       : Addon dirs:
14:40:27.983  ENGINE       : dir: '/reforger/workshop'
14:40:27.983  ENGINE       : dir: './addons'
14:40:27.983  ENGINE       : dir: '/home/profile/addons'
14:40:27.984 ENGINE       : Available addons:
14:40:27.984  ENGINE       : gproj: './addons/data/ArmaReforger.gproj' guid: '58D0FB3206B6F859' (packed)
14:40:27.984  ENGINE       : gproj: './addons/core/core.gproj' guid: '5614BBCCBB55ED1C' (packed)
14:40:28.043 ENGINE       : FileSystem: Adding package './addons/data/' (pak count: 4) to filesystem under name ArmaReforger
14:40:28.044 ENGINE       : FileSystem: Adding package './addons/core/' (pak count: 1) to filesystem under name core
14:40:28.044 RESOURCES    : ResourceDB: loading cache (id=0 name=ArmaReforger path=./addons/data/resourceDatabase.rdb)
14:40:28.206 RESOURCES    : ResourceDB: loading cache (id=1 name=core path=./addons/core/resourceDatabase.rdb)
14:40:28.207 RESOURCES    : ResourceDB: loading cache (id=2 name=profile path=/home/profile/profile/resourceDatabase.rdb)
14:40:28.208 RESOURCES    : ResourceDB: loading cache (id=3 name=logs path=/home/profile/logs/logs_2025-10-28_14-40-27/resourceDatabase.rdb)
14:40:28.301 ENGINE       : GameProject load
14:40:28.301  ENGINE       : Loaded addons:
14:40:28.301   ENGINE       : gproj: './addons/core/core.gproj' guid: '5614BBCCBB55ED1C'
14:40:28.302   ENGINE       : gproj: './addons/data/ArmaReforger.gproj' guid: '58D0FB3206B6F859'
14:40:28.302 ENGINE       : Loading custom engine user config '$profile:.save/settings/ReforgerEngineSettings.conf'
14:40:28.304 INIT         : GameProject engine user settings load @"$profile:.save/settings/ReforgerEngineSettings.conf"
14:40:28.304  ENGINE       : Engine user settings config loaded
14:40:28.305 PROFILING    : Settings changed took: 0.001000 ms
14:40:28.306 RENDER       : Basic screen setup:
14:40:28.306 RENDER       :   Back buffer width x height: 0x0
14:40:28.306 RENDER       :   Back buffer format	       : TEXFMT_UNKNOWN (0)
14:40:28.306 RENDER       :   MSAA                      : none
14:40:28.306 RENDER       : GPU_DUMMY (0xFFFF) (Enfusion dummy render) with 1 GPU detected, VRAM 128MB (fast 128MB), shared 128MB, driver version Unknown version
14:40:28.306 RENDER       : Detected output devices:
14:40:28.306 RENDER       :  * 1 device/s connected to Dummy:
14:40:28.306 RENDER       :    Dummy output (Dummy device for our dummy render.), 1920x1080 (offset 0x0), 60Hz
14:40:28.306 RENDER       :   Concurrent frames limit 2
14:40:28.307 ENGINE       : Job system settings: coreCount=20, shortJobContextCount=16, shortJobThreadCount=15, longJobThreadCount=7
14:40:28.370 RENDER    (E): GrassMaterialClass: cannot find perlin noise texture (system/textures/perlin.edds)
14:40:28.373 MATERIAL  (E): SMAAEffect area texture not found (system/textures/PP/smaa_area)
14:40:28.374 MATERIAL  (E): SMAAEffect search texture not found (system/textures/PP/smaa_search)
14:40:28.374 PROFILING    : Settings changed took: 0.019000 ms
14:40:28.376 ENGINE       : Initializing inputs.
14:40:28.382 NETWORK      : Initializing networking.
14:40:28.383 SCRIPT       : SCRIPT       : Initializing scripts
14:40:28.384  SCRIPT       : SCRIPT       : ScriptProjectManager init
14:40:28.384  PROFILING    : ScriptProjectManager init took: 0.019000 ms
14:40:28.398 PROFILING    : Initializing scripts took: 14.073000 ms
14:40:28.398 ENGINE       : Enfusion engine successfully created.
14:40:28.401 GUI          : Using default language (en_us)
14:40:28.401 GUI          : Loading 'en_us' localization file.
14:40:28.401 INIT         : INIT         : Loading StringTable
14:40:28.421 PROFILING    : Loading StringTable took: 19.938000 ms
14:40:28.421 SCRIPT       : SCRIPT       : Compiling GameLib scripts
14:40:28.443  SCRIPT       : Module: GameLib; loaded 354x files; 541x classes; used 504/2097 kB (24%) of static memory; defines: "PLATFORM_LINUX,ENF_ENABLE_VHC_OVERRIDE,ENF_ENABLE_RPLCOMPONENT_IN_GAMECODE"; CRC32: 57d31b2f
14:40:28.446 PROFILING    : Compiling GameLib scripts took: 24.141000 ms
14:40:28.446 SCRIPT       : SCRIPT       : Compiling Game scripts
14:40:28.913 SCRIPT       : Compiling Game scripts
14:40:28.913  SCRIPT    (W): @"scripts/GameCode/Effects/SCR_OptimizedMuzzleEffectComponent.c,14": Possible variable name conflict 'inScope'
14:40:28.946  SCRIPT    (W): @"scripts/Game/Editor/UI/Components/Modes/SCR_PhotoSaveModeEditorUIComponent.c,25": Pointer type 'PixelRawData' can only be used with local variables
14:40:29.100  SCRIPT    (W): @"scripts/Game/Campaign/UI/SCR_CampaignUIMutePlayerComponent.c,28": 'GetPlayerBlockedState' is obsolete: Session blocking is no longer supported.
14:40:29.101  SCRIPT    (W): @"scripts/Game/Campaign/UI/SCR_CampaignUIMutePlayerComponent.c,30": 'SetPlayerBlockedState' is obsolete: Session blocking is no longer supported.
14:40:29.101  SCRIPT    (W): @"scripts/Game/Campaign/UI/SCR_CampaignUIMutePlayerComponent.c,35": 'SetPlayerBlockedState' is obsolete: Session blocking is no longer supported.
14:40:29.115  SCRIPT    (W): @"scripts/Game/Components/Damage/SCR_VehicleDamageManagerComponent.c,826": Variable 'geomIndex' is not used
14:40:29.145  SCRIPT    (W): @"scripts/Game/Components/Voting/SCR_VotingKick.c,134": Variable 'outcome' is not used
14:40:29.216  SCRIPT    (W): @"scripts/Game/Entities/GridSpawnerEntity.c,180": 'Randomize' is obsolete: If seed need to be used use RandomGenerator instead
14:40:29.275  SCRIPT    (W): @"scripts/Game/Groups/SCR_GroupTileButton.c,684": 'GetPlayerMutedState' is obsolete: Use SocialComponent.IsMuted(playerId).
14:40:29.313  SCRIPT    (W): @"scripts/Game/ScenarioFramework/Actions/AIActions/SCR_ScenarioFrameworkAIActionSetCharacterStance.c,23": 'SetStance' is obsolete
14:40:29.314  SCRIPT    (W): @"scripts/Game/ScenarioFramework/Actions/AIActions/SCR_ScenarioFrameworkAIActionSetMovementType.c,23": 'SetMovementType' is obsolete
14:40:29.380  SCRIPT    (W): @"scripts/Game/UI/HUD/SCR_PlayerListMenu.c,436": 'SetPlayerMutedState' is obsolete: Use SocialComponent.SetMuted(playerId, muted).
14:40:29.380  SCRIPT    (W): @"scripts/Game/UI/HUD/SCR_PlayerListMenu.c,438": 'GetPlayerMutedState' is obsolete: Use SocialComponent.IsMuted(playerId).
14:40:29.381  SCRIPT    (W): @"scripts/Game/UI/HUD/SCR_PlayerListMenu.c,498": 'GetPlayerMutedState' is obsolete: Use SocialComponent.IsMuted(playerId).
14:40:29.382  SCRIPT    (W): @"scripts/Game/UI/HUD/SCR_PlayerListMenu.c,1132": 'GetPlayerMutedState' is obsolete: Use SocialComponent.IsMuted(playerId).
14:40:29.382  SCRIPT    (W): @"scripts/Game/UI/HUD/SCR_PlayerListMenu.c,1135": 'GetPlayerMutedState' is obsolete: Use SocialComponent.IsMuted(playerId).
14:40:29.383  SCRIPT    (W): @"scripts/Game/UI/HUD/SCR_PlayerListMenu.c,1139": 'GetPlayerMutedState' is obsolete: Use SocialComponent.IsMuted(playerId).
14:40:29.418  SCRIPT    (W): @"scripts/Game/UI/Menu/ContentBrowser/MainMenu/SCR_ContentBrowser_AddonsFilteredSubMenu.c,7": 'SetPageItems' is obsolete: Use SetPageSize() instead!
14:40:29.418  SCRIPT    (W): @"scripts/Game/UI/Menu/ContentBrowser/MainMenu/SCR_ContentBrowser_AddonsFilteredSubMenu.c,36": 'SetPageItems' is obsolete: Use SetPageSize() instead!
14:40:29.419  SCRIPT    (W): @"scripts/Game/UI/Menu/ContentBrowser/MainMenu/SCR_ContentBrowser_AddonsSubMenu.c,358": 'SetPageItems' is obsolete: Use SetPageSize() instead!
14:40:29.420  SCRIPT    (W): @"scripts/Game/UI/Menu/ContentBrowser/MainMenu/SCR_ContentBrowser_AddonsSubMenu.c,380": 'SetPageItems' is obsolete: Use SetPageSize() instead!
14:40:29.420  SCRIPT    (W): @"scripts/Game/UI/Menu/ContentBrowser/MainMenu/SCR_ContentBrowser_AddonsSubMenu.c,420": 'SetPageItems' is obsolete: Use SetPageSize() instead!
14:40:29.420  SCRIPT    (W): @"scripts/Game/UI/Menu/ContentBrowser/MainMenu/SCR_ContentBrowser_AddonsSubMenu.c,444": 'SetPageItems' is obsolete: Use SetPageSize() instead!
14:40:29.434  SCRIPT    (W): @"scripts/Game/UI/Menu/GroupSettingsDialogUI.c,37": 'GetPrivilegeAsync' is obsolete: Use SocialComponent.RequestSocialPrivilege() or RequestMultiplayerPrivilege()
14:40:29.446  SCRIPT    (W): @"scripts/Game/UI/Menu/ServerBrowserMenuUI.c,2799": 'GetPrivilegeAsync' is obsolete: Use SocialComponent.RequestSocialPrivilege() or RequestMultiplayerPrivilege()
14:40:29.447  SCRIPT    (W): @"scripts/Game/UI/Menu/ServerBrowserMenuUI.c,2832": 'GetPrivilegeAsync' is obsolete: Use SocialComponent.RequestSocialPrivilege() or RequestMultiplayerPrivilege()
14:40:29.447  SCRIPT    (W): @"scripts/Game/UI/Menu/ServerBrowserMenuUI.c,2857": 'GetPrivilegeAsync' is obsolete: Use SocialComponent.RequestSocialPrivilege() or RequestMultiplayerPrivilege()
14:40:29.471  SCRIPT    (W): @"scripts/Game/Vehicle/SCR_ImpactEffectComponent.c,206": Comparing unrelated types 'Class' and 'Physics'
14:40:29.472  SCRIPT    (W): @"scripts/Game/Vehicle/SCR_ImpactEffectComponent.c,337": Comparing unrelated types 'Class' and 'Physics'
14:40:29.476  SCRIPT    (W): @"scripts/Game/Weapon/Sights/SCR_2DPIPSightsComponent.c,432": 'SetGUIWidget' is obsolete: Use SetRenderTarget(IEntity ent) instead
14:40:29.476  SCRIPT    (W): @"scripts/Game/Weapon/Sights/SCR_2DPIPSightsComponent.c,481": 'SetGUIWidget' is obsolete: Use SetRenderTarget(IEntity ent) instead
14:40:29.478  SCRIPT    (W): @"scripts/Game/Weapon/Sights/SCR_PIPSightsComponent.c,115": 'SetGUIWidget' is obsolete: Use SetRenderTarget(IEntity ent) instead
14:40:29.479  SCRIPT    (W): @"scripts/Game/Workshop/SCR_AddonManager.c,256": 'GetPrivilege' is obsolete: Use SocialComponent.IsPrivilegedTo() or IsMultiplayerAllowed()
14:40:29.479  SCRIPT    (W): @"scripts/Game/Workshop/SCR_AddonManager.c,280": 'GetPrivilegeAsync' is obsolete: Use SocialComponent.RequestSocialPrivilege() or RequestMultiplayerPrivilege()
14:40:29.515  SCRIPT       : Module: Game; loaded 4727x files; 9525x classes; used 20798/41943 kB (49%) of static memory; defines: "PLATFORM_LINUX,ENF_ENABLE_VHC_OVERRIDE,ENF_ENABLE_RPLCOMPONENT_IN_GAMECODE,ENABLE_BASE_DESTRUCTION,BUDGET_OPTIMIZATION_CHECKS,DEBUG,RESPAWN_TIMER_COMPONENT_DEBUG,DEBUG_CONFIGURABLE_DIALOGS,DISABLE_WEAPON_SWITCHING,SCRIPTED_AIM_MODIFIER_DEBUG"; CRC32: 613c4e90
14:40:30.110 PROFILING    : Compiling Game scripts took: 1663.654000 ms
14:40:30.111 INIT         : Creating game instance(ArmaReforgerScripted), version 1.4.0.55 built 2025-08-28 15:20:48 UTC.
14:40:30.133 BACKEND      : Loading dedicated server config.
14:40:30.133  BACKEND      : Server config loaded.
14:40:30.133  BACKEND      : JSON Schema Validation:
14:40:30.133   BACKEND      : JSON is Valid
14:40:30.139 ENGINE       : Game successfully created.
14:40:30.184 PLATFORM     : Save data from container 'settings' have been loaded
14:40:30.283 PLATFORM     : Save data from container 'sessions' have been loaded
14:40:30.289 PLATFORM     : GameProject user settings load from profile @"ReforgerGameSettings.conf"
14:40:30.289  ENGINE       : Game user settings config loaded
14:40:30.290 NETWORK      : Starting dedicated server using command line args.
14:40:30.383 BACKEND      : Required addons are ready to use.
14:40:30.681 PLATFORM     : Save data from container 'settings' have been loaded
14:40:30.780 PLATFORM     : Save data from container 'sessions' have been loaded
14:40:30.780 PLATFORM     : GameProject user settings load from profile @"ReforgerGameSettings.conf"
14:40:30.780  ENGINE       : Game user settings config loaded
14:40:30.783 WORLD        : WORLD        : Entities load @"{9DF143A76F5C6460}worlds/MP/CTI_Campaign_Eden.ent"
14:40:31.494 WORLD        : Entities load @"{9DF143A76F5C6460}worlds/MP/CTI_Campaign_Eden.ent"
14:40:31.494  WORLD        : Subscene load @"{853E92315D1D9EFE}worlds/Eden/Eden.ent"
14:40:31.494   RESOURCES    : GetResourceObject @"{C8FAB83670BCF7C3}Prefabs/Structures/Cultural/Calvaries/CalvaryLarge_01.et"
14:40:31.495    WORLD        : Entity prefab load @"{C8FAB83670BCF7C3}Prefabs/Structures/Cultural/Calvaries/CalvaryLarge_01.et"
14:40:31.495     RESOURCES (E): Wrong GUID/name for resource @"{45ECF6B1797D3CD9}system/wbdata/PreviewWindow/TransparentMat.emat" in property "AssignedMaterial"
14:40:31.709 PROFILING    : Entities load took: 926.456000 ms
14:40:31.710 WORLD        : WORLD        : Game::LoadEntities
14:40:31.731  NETWORK      : Enabled lag compensation, 29 frames with 100 FPS and 280 ms rewind limits.
14:40:31.732  WORLD        : WORLD        : Preload
14:40:32.202  PROFILING    : Preload took: 469.931000 ms
14:40:32.202  WORLD        : WORLD        : Wait for preloading data
14:40:32.204 RESOURCES    : Particle effect load @"Particles/Weapon/Explosion_TM62M_AT_Mine_LOD1.ptc"
14:40:32.204  RESOURCES (E): Wrong GUID/name for resource @"{29FBEC1991810EEF}system/wbdata/ParticleEditor/defaultPrefab.et" in property "Prefab"
14:40:32.205 RESOURCES    : Particle effect load @"Particles/Weapon/Explosion_TM62M_AT_Mine.ptc"
14:40:32.205  RESOURCES (E): Wrong GUID/name for resource @"{29FBEC1991810EEF}system/wbdata/ParticleEditor/defaultPrefab.et" in property "Prefab"
14:40:32.205 RESOURCES    : Particle effect load @"Particles/Weapon/Explosion_TM62M_AT_Mine_LOD2.ptc"
14:40:32.205  RESOURCES (E): Wrong GUID/name for resource @"{29FBEC1991810EEF}system/wbdata/ParticleEditor/defaultPrefab.et" in property "Prefab"
14:40:33.805  PROFILING    : Wait for preloading data took: 1602.867000 ms
14:40:33.805  WORLD        : WORLD        : CreateEntities
14:40:33.806   WORLD        : WORLD        : CreateEntities
14:40:33.806    WORLD        : WORLD        : NotifyBeforeEntitiesCreated
14:40:33.806 WORLD        : Game::LoadEntities
14:40:33.806  WORLD        : CreateEntities
14:40:33.807   WORLD        : CreateEntities
14:40:33.807    WORLD        : NotifyBeforeEntitiesCreated
14:40:33.807     DEFAULT   (W): Server config tried to enable VONDisableUI or VONDisableDirectSpeechUI, this is not allowed.
14:40:33.808     RESOURCES    : Loaded mission headers from 2 addon(s)!
14:40:33.809    PROFILING    : NotifyBeforeEntitiesCreated took: 2.660000 ms
14:40:33.842    ENTITY       : Create entity @"ENTITY:1" ('world', GenericWorldEntity) at <0.000000 0.000000 0.000000>
14:40:33.843     RESOURCES (E):   Failed to decompress memory image data. Data is not DXT.
14:40:33.843     WORLD     (E): Shore map CPU data creation failed - decompression of DF near atlas texture failed.
14:40:33.843     WORLD     (E): Loading of shore map failed - creation of CPU data failed
14:40:33.844     WORLD     (E): Loading of shore map failed - post load checks failed
14:40:33.844    ENTITY       : Create entity @"ENTITY:2" ('Eden', GenericTerrainEntity) at <0.000000 0.000000 0.000000>
14:40:33.844     PROFILING    : PROFILING    : Terrain load
14:40:35.968     PROFILING    : Terrain load took: 2123.626000 ms
14:40:39.271    ENTITY       : Create entity @"ENTITY:610688" ('StaticModelEntity','Assets/Structures/Infrastructure/Towers/TransmitterTower_01/TransmitterTower_01_small.xob') at <1931.796021 81.777000 5138.725098> @"{6A004A8F0571D456}Prefabs/Structures/Infrastructure/Towers/TransmitterTower_01/TransmitterTower_01_small.et"
14:40:39.272     DEFAULT   (W): World doesn't contain RadioManagerEntity to support any BaseRadioComponent.
14:40:41.925    ENTITY       : Create entity @"ENTITY:1055324" ('GenericEntity') at <6225.922852 107.562500 5118.536133>
14:40:41.925     ENTITY    (E): Door action not set for @"ENTITY:1055324" ('GenericEntity') at <6225.922852 107.562500 5118.536133>
14:40:41.926    ENTITY       : Create entity @"ENTITY:1055357" ('GenericEntity') at <5252.018066 38.411251 11397.515625>
14:40:41.926     ENTITY    (E): Door action not set for @"ENTITY:1055357" ('GenericEntity') at <5252.018066 38.411251 11397.515625>
14:40:41.927    ENTITY       : Create entity @"ENTITY:1055390" ('GenericEntity') at <3274.975098 114.904022 5189.225098>
14:40:41.927     ENTITY    (E): Door action not set for @"ENTITY:1055390" ('GenericEntity') at <3274.975098 114.904022 5189.225098>
14:40:41.928    ENTITY       : Create entity @"ENTITY:1055423" ('GenericEntity') at <3741.502930 80.400497 6630.824219>
14:40:41.928     ENTITY    (E): Door action not set for @"ENTITY:1055423" ('GenericEntity') at <3741.502930 80.400497 6630.824219>
14:40:41.928    ENTITY       : Create entity @"ENTITY:1055458" ('GenericEntity') at <5642.888184 89.763420 5352.812012>
14:40:41.929     ENTITY    (E): Door action not set for @"ENTITY:1055458" ('GenericEntity') at <5642.888184 89.763420 5352.812012>
14:40:41.929    ENTITY       : Create entity @"ENTITY:1055491" ('GenericEntity') at <1365.465942 41.945751 5944.875000>
14:40:41.930     ENTITY    (E): Door action not set for @"ENTITY:1055491" ('GenericEntity') at <1365.465942 41.945751 5944.875000>
14:40:41.930    ENTITY       : Create entity @"ENTITY:1055524" ('GenericEntity') at <4556.948242 20.443750 9608.875000>
14:40:41.930     ENTITY    (E): Door action not set for @"ENTITY:1055524" ('GenericEntity') at <4556.948242 20.443750 9608.875000>
14:40:41.931    ENTITY       : Create entity @"ENTITY:1055557" ('GenericEntity') at <4612.849121 158.267273 7012.264160>
14:40:41.931     ENTITY    (E): Door action not set for @"ENTITY:1055557" ('GenericEntity') at <4612.849121 158.267273 7012.264160>
14:40:41.932    ENTITY       : Create entity @"ENTITY:1055590" ('GenericEntity') at <5782.269043 28.741789 10179.600586>
14:40:41.932     ENTITY    (E): Door action not set for @"ENTITY:1055590" ('GenericEntity') at <5782.269043 28.741789 10179.600586>
14:40:41.932    ENTITY       : Create entity @"ENTITY:1055623" ('GenericEntity') at <5571.204102 91.851639 5976.666992>
14:40:41.933     ENTITY    (E): Door action not set for @"ENTITY:1055623" ('GenericEntity') at <5571.204102 91.851639 5976.666992>
14:40:41.933    ENTITY       : Create entity @"ENTITY:1055656" ('GenericEntity') at <7223.090820 136.826721 2315.154053>
14:40:41.933     ENTITY    (E): Door action not set for @"ENTITY:1055656" ('GenericEntity') at <7223.090820 136.826721 2315.154053>
14:40:41.934    ENTITY       : Create entity @"ENTITY:1055689" ('GenericEntity') at <7223.857910 137.444275 2372.346924>
14:40:41.934     ENTITY    (E): Door action not set for @"ENTITY:1055689" ('GenericEntity') at <7223.857910 137.444275 2372.346924>
14:40:41.935    ENTITY       : Create entity @"ENTITY:1055722" ('GenericEntity') at <4522.501953 15.952277 10653.205078>
14:40:41.935     ENTITY    (E): Door action not set for @"ENTITY:1055722" ('GenericEntity') at <4522.501953 15.952277 10653.205078>
14:40:41.936    ENTITY       : Create entity @"ENTITY:1055755" ('GenericEntity') at <9417.439453 45.156071 1688.795044>
14:40:41.936     ENTITY    (E): Door action not set for @"ENTITY:1055755" ('GenericEntity') at <9417.439453 45.156071 1688.795044>
14:40:42.078    ENTITY       : Create entity @"ENTITY:1104299" ('StaticModelEntity') at <8831.291016 95.934265 2673.487061>
14:40:42.079     MATERIAL     : Material load @"{45ECF6B1797D3CD9}system/wbdata/PreviewWindow/TransparentMat.emat"
14:40:42.079      MATERIAL  (E): Material file not found
14:40:42.079     MATERIAL  (E): Object @"Assets/Structures/Cultural/Calvaries/CalvaryLarge_01/CalvaryLarge_01.xob" - cannot load material @"system/wbdata/PreviewWindow/TransparentMat.emat", creating default one (class MatPBRBasic)
14:40:45.434    ENTITY       : Create entity @"ENTITY:2305843009213698652" ('GenericEntity','Assets/Props/Military/Antennas/Antenna_R161_01/Antenna_R161_01.xob') at <9354.231445 204.427994 1162.372070>
14:40:45.434     DEFAULT   (W): BaseRadioComponent does not have any transceiver. (Entity: @"ENTITY:2305843009213698652" ('GenericEntity','Assets/Props/Military/Antennas/Antenna_R161_01/Antenna_R161_01.xob') at <9354.231445 204.427994 1162.372070>). Only printing this message once. There're possibly more nodes with this requirement.
14:40:46.014    WORLD        : WORLD        : NotifyBeforeEntitiesInitialized
14:40:46.014    PROFILING    : NotifyBeforeEntitiesInitialized took: 0.029000 ms
14:40:46.015    WORLD        : InitEntities 'world'
14:40:46.015     ENTITY       : Init entity @"ENTITY:3" ('SCR_MapEntity1', SCR_MapEntity) at <6400.000000 0.000000 6400.000000> @"{E1B88C66BF6CA1F9}Prefabs/World/Game/MapEntity_Everon.et"
14:40:46.015      SCRIPT    (W): SCR_MapEntity: Cannot get the size from terrain. Using default.
14:40:46.534     ENTITY       : Init entity @"ENTITY:2305843009213695743" ('SCR_BaseTaskManager') at <20.724001 0.000000 7.936000> @"{17E3EF2CF455460F}Prefabs/MP/Campaign/CampaignTaskManager.et"
14:40:46.534      GUI          : WidgetManager: CrateWidgets @"{ACCF501DD69CAF7B}UI/layouts/Tasks/TaskList.layout"
14:40:46.534       SCRIPT    (E): No data found for keyboard:KC_ESCAPE !! Check 'chimeraMapping.conf' and add data if necessary! Provided Actioname: TasksClose.
14:40:46.677    WORLD        : WORLD        : NotifyEntitiesInitialized
14:40:46.677     TERRAIN      : TERRAIN      : Initializing road networks...
14:40:46.679     PROFILING    : Initializing road networks... took: 1.976000 ms
14:40:46.744     INIT         : INIT         : SoundWorldInit
14:40:46.784     PROFILING    : SoundWorldInit took: 40.090000 ms
14:40:46.784    PROFILING    : NotifyEntitiesInitialized took: 107.489000 ms
14:40:46.785   PROFILING    : CreateEntities took: 12978.817000 ms
14:40:46.785  PROFILING    : CreateEntities took: 12979.143000 ms
14:40:46.785  WORLD        : WORLD        : EOnActivate
14:40:46.853  PROFILING    : EOnActivate took: 67.785000 ms
14:40:46.853 PROFILING    : Game::LoadEntities took: 15143.360000 ms
14:40:46.937 NETWORK      : RPL listen address requested: '0.0.0.0:2001'
14:40:46.953 NETWORK      : Starting RPL server, listening on address 0.0.0.0:2001, fastValidation=true
14:40:48.385 BACKEND      : Server registered with address: 71.115.16.189:2001
14:40:48.385 BACKEND      : Direct Join Code: 0399558854
14:40:48.385 BACKEND      : Ping Site: new_york
14:40:48.584 BACKEND      : [RCON] Init, Ip address=0.0.0.0 and Port=19999
14:40:48.791 DEFAULT      : Entered online game state.
14:40:48.937 WORLD        : Frame start
14:40:48.937  NETWORK      : Projectiles will simulate using: EOnFrame
14:40:48.937  SCRIPT       : ScenarioFramework: Available tasks are empty, no new tasks will be generated.
14:40:48.949 WORLD        : UpdateEntities
14:40:48.949  WORLD        : Frame
14:40:48.949   SCRIPT       : SCR_BaseGameMode::OnGameStateChanged = GAME
14:41:30.619 WORLD        : UpdateEntities
14:41:30.619  WORLD        : Frame
14:41:30.619   AI        (W): Stuck trying to get into vehicle. Reseting.. 
14:41:30.662 WORLD        : UpdateEntities
14:41:30.662  WORLD        : Frame
14:41:30.662   AI        (W): Stuck trying to get into vehicle. Reseting.. 
14:41:30.697 WORLD        : UpdateEntities
14:41:30.697  WORLD        : Frame
14:41:30.698   AI        (W): Stuck trying to get into vehicle. Reseting.. 
14:41:31.837 WORLD        : UpdateEntities
14:41:31.840  WORLD        : Frame
14:41:31.841   AI        (W): Stuck trying to get into vehicle. Reseting.. 
14:41:32.344 WORLD        : UpdateEntities
14:41:32.344  WORLD        : Frame
14:41:32.344   AI        (W): Stuck trying to get into vehicle. Reseting.. 
14:41:32.579 WORLD        : UpdateEntities
14:41:32.579  WORLD        : Frame
14:41:32.579   AI        (W): Stuck trying to get into vehicle. Reseting.. 
14:41:32.765 WORLD        : UpdateEntities
14:41:32.765  WORLD        : Frame
14:41:32.766   AI        (W): Stuck trying to get into vehicle. Reseting.. 
14:41:34.499 WORLD        : UpdateEntities
14:41:34.499  WORLD        : Frame
14:41:34.499   AI        (W): Stuck trying to get into vehicle. Reseting.. 
14:41:35.958 WORLD        : UpdateEntities
14:41:35.958  WORLD        : Frame
14:41:35.958   AI        (W): Stuck trying to get into vehicle. Reseting.. 
14:41:37.134 WORLD        : UpdateEntities
14:41:37.135  WORLD        : Frame
14:41:37.135   AI        (W): Stuck trying to get into vehicle. Reseting.. 
14:41:37.345 WORLD        : UpdateEntities
14:41:37.345  WORLD        : Frame
14:41:37.346   AI        (W): Stuck trying to get into vehicle. Reseting.. 
14:41:37.695 WORLD        : UpdateEntities
14:41:37.695  WORLD        : Frame
14:41:37.695   AI        (W): Stuck trying to get into vehicle. Reseting.. 
14:42:50.374 SCRIPT       : SCR_LatestSaveDSSessionCallback: LocalSave: .LatestSave
